Component: ARM Compiler 5.06 update 5 (build 528) Tool: armlink [4d35e2]

==============================================================================

Section Cross References

    startup_stm32f103xe.o(RESET) refers to startup_stm32f103xe.o(STACK) for __initial_sp
    startup_stm32f103xe.o(RESET) refers to startup_stm32f103xe.o(.text) for Reset_Handler
    startup_stm32f103xe.o(RESET) refers to stm32f1xx_it.o(i.NMI_Handler) for NMI_Handler
    startup_stm32f103xe.o(RESET) refers to stm32f1xx_it.o(i.HardFault_Handler) for HardFault_Handler
    startup_stm32f103xe.o(RESET) refers to stm32f1xx_it.o(i.MemManage_Handler) for MemManage_Handler
    startup_stm32f103xe.o(RESET) refers to stm32f1xx_it.o(i.BusFault_Handler) for BusFault_Handler
    startup_stm32f103xe.o(RESET) refers to stm32f1xx_it.o(i.UsageFault_Handler) for UsageFault_Handler
    startup_stm32f103xe.o(RESET) refers to port.o(.emb_text) for SVC_Handler
    startup_stm32f103xe.o(RESET) refers to stm32f1xx_it.o(i.DebugMon_Handler) for DebugMon_Handler
    startup_stm32f103xe.o(RESET) refers to cmsis_os2.o(i.SysTick_Handler) for SysTick_Handler
    startup_stm32f103xe.o(RESET) refers to stm32f1xx_it.o(i.TIM6_IRQHandler) for TIM6_IRQHandler
    startup_stm32f103xe.o(.text) refers to system_stm32f1xx.o(i.SystemInit) for SystemInit
    startup_stm32f103xe.o(.text) refers to entry.o(.ARM.Collect$$$$00000000) for __main
    main.o(i.HAL_TIM_PeriodElapsedCallback) refers to stm32f1xx_hal.o(i.HAL_IncTick) for HAL_IncTick
    main.o(i.SystemClock_Config) refers to memseta.o(.text) for __aeabi_memclr4
    main.o(i.SystemClock_Config) refers to stm32f1xx_hal_rcc.o(i.HAL_RCC_OscConfig) for HAL_RCC_OscConfig
    main.o(i.SystemClock_Config) refers to main.o(i.Error_Handler) for Error_Handler
    main.o(i.SystemClock_Config) refers to stm32f1xx_hal_rcc.o(i.HAL_RCC_ClockConfig) for HAL_RCC_ClockConfig
    main.o(i.main) refers to stm32f1xx_hal.o(i.HAL_Init) for HAL_Init
    main.o(i.main) refers to main.o(i.SystemClock_Config) for SystemClock_Config
    main.o(i.main) refers to gpio.o(i.MX_GPIO_Init) for MX_GPIO_Init
    main.o(i.main) refers to fsmc.o(i.MX_FSMC_Init) for MX_FSMC_Init
    main.o(i.main) refers to spi.o(i.MX_SPI1_Init) for MX_SPI1_Init
    main.o(i.main) refers to lcd_bsp.o(i.ILI9341_Init) for ILI9341_Init
    main.o(i.main) refers to lcd_bsp.o(i.ILI9341_Clear) for ILI9341_Clear
    main.o(i.main) refers to stm32f1xx_hal.o(i.HAL_Delay) for HAL_Delay
    main.o(i.main) refers to cmsis_os2.o(i.osKernelInitialize) for osKernelInitialize
    main.o(i.main) refers to freertos.o(i.MX_FREERTOS_Init) for MX_FREERTOS_Init
    main.o(i.main) refers to cmsis_os2.o(i.osKernelStart) for osKernelStart
    main.o(i.main) refers to lcd_bsp.o(.data) for LCD_Y_LENGTH
    gpio.o(i.MX_GPIO_Init) refers to stm32f1xx_hal_gpio.o(i.HAL_GPIO_WritePin) for HAL_GPIO_WritePin
    gpio.o(i.MX_GPIO_Init) refers to stm32f1xx_hal_gpio.o(i.HAL_GPIO_Init) for HAL_GPIO_Init
    freertos.o(i.MX_FREERTOS_Init) refers to cmsis_os2.o(i.osThreadNew) for osThreadNew
    freertos.o(i.MX_FREERTOS_Init) refers to tasks.o(i.xTaskCreate) for xTaskCreate
    freertos.o(i.MX_FREERTOS_Init) refers to freertos.o(.constdata) for LED_Blink_attributes
    freertos.o(i.MX_FREERTOS_Init) refers to freertos.o(i.StartDefaultTask) for StartDefaultTask
    freertos.o(i.MX_FREERTOS_Init) refers to freertos.o(.data) for LED_BlinkHandle
    freertos.o(i.MX_FREERTOS_Init) refers to freertos.o(i.task_led) for task_led
    freertos.o(i.StartDefaultTask) refers to lcd_bsp.o(i.LCD_SetColors) for LCD_SetColors
    freertos.o(i.StartDefaultTask) refers to lcd_bsp.o(i.LCD_GetFont) for LCD_GetFont
    freertos.o(i.StartDefaultTask) refers to lcd_bsp.o(i.LCD_ClearLine) for LCD_ClearLine
    freertos.o(i.StartDefaultTask) refers to lcd_bsp.o(i.LCD_print) for LCD_print
    freertos.o(i.StartDefaultTask) refers to tasks.o(i.vTaskDelay) for vTaskDelay
    freertos.o(i.StartDefaultTask) refers to freertos.o(.data) for color
    freertos.o(i.task_led) refers to led_bsp.o(i.LED_Control) for LED_Control
    freertos.o(i.task_led) refers to stm32f1xx_hal_gpio.o(i.HAL_GPIO_WritePin) for HAL_GPIO_WritePin
    freertos.o(i.task_led) refers to cmsis_os2.o(i.osDelay) for osDelay
    freertos.o(.constdata) refers to freertos.o(.conststring) for .conststring
    fsmc.o(i.HAL_FSMC_MspDeInit) refers to stm32f1xx_hal_gpio.o(i.HAL_GPIO_DeInit) for HAL_GPIO_DeInit
    fsmc.o(i.HAL_FSMC_MspDeInit) refers to fsmc.o(.data) for FSMC_DeInitialized
    fsmc.o(i.HAL_FSMC_MspInit) refers to stm32f1xx_hal_gpio.o(i.HAL_GPIO_Init) for HAL_GPIO_Init
    fsmc.o(i.HAL_FSMC_MspInit) refers to fsmc.o(.data) for FSMC_Initialized
    fsmc.o(i.HAL_SRAM_MspDeInit) refers to fsmc.o(i.HAL_FSMC_MspDeInit) for HAL_FSMC_MspDeInit
    fsmc.o(i.HAL_SRAM_MspInit) refers to fsmc.o(i.HAL_FSMC_MspInit) for HAL_FSMC_MspInit
    fsmc.o(i.MX_FSMC_Init) refers to memseta.o(.text) for __aeabi_memclr4
[...]
    ..\\Users\\font\\fonts.c                 0x00000000   Number         0  fonts.o ABSOLUTE
    ..\\Users\\lcd_bsp.c                     0x00000000   Number         0  lcd_bsp.o ABSOLUTE
    ..\\Users\\led_bsp.c                     0x00000000   Number         0  led_bsp.o ABSOLUTE
    cdrcmple.s                               0x00000000   Number         0  cdrcmple.o ABSOLUTE
    dc.s                                     0x00000000   Number         0  dc.o ABSOLUTE
    handlers.s                               0x00000000   Number         0  handlers.o ABSOLUTE
    init.s                                   0x00000000   Number         0  init.o ABSOLUTE
    startup_stm32f103xe.s                    0x00000000   Number         0  startup_stm32f103xe.o ABSOLUTE
    RESET                                    0x08000000   Section      304  startup_stm32f103xe.o(RESET)
    .ARM.Collect$$$$00000000                 0x08000130   Section        0  entry.o(.ARM.Collect$$$$00000000)
    .ARM.Collect$$$$00000001                 0x08000130   Section        4  entry2.o(.ARM.Collect$$$$00000001)
    .ARM.Collect$$$$00000004                 0x08000134   Section        4  entry5.o(.ARM.Collect$$$$00000004)
    .ARM.Collect$$$$00000008                 0x08000138   Section        0  entry7b.o(.ARM.Collect$$$$00000008)
    .ARM.Collect$$$$0000000A                 0x08000138   Section        0  entry8b.o(.ARM.Collect$$$$0000000A)
    .ARM.Collect$$$$0000000B                 0x08000138   Section        8  entry9a.o(.ARM.Collect$$$$0000000B)
    .ARM.Collect$$$$0000000D                 0x08000140   Section        0  entry10a.o(.ARM.Collect$$$$0000000D)
    .ARM.Collect$$$$0000000F                 0x08000140   Section        0  entry11a.o(.ARM.Collect$$$$0000000F)
    .ARM.Collect$$$$00002712                 0x08000140   Section        4  entry2.o(.ARM.Collect$$$$00002712)
    __lit__00000000                          0x08000140   Data           4  entry2.o(.ARM.Collect$$$$00002712)
    .emb_text                                0x08000144   Section      150  port.o(.emb_text)
    .text                                    0x080001dc   Section       36  startup_stm32f103xe.o(.text)
    .text                                    0x08000200   Section        0  llushr.o(.text)
    .text                                    0x08000220   Section        0  memcpya.o(.text)
    .text                                    0x08000244   Section        0  memseta.o(.text)
    .text                                    0x08000268   Section        0  uidiv.o(.text)
    .text                                    0x08000294   Section        0  uldiv.o(.text)
    .text                                    0x080002f6   Section        0  dadd.o(.text)
    .text                                    0x080002f6   Section        0  iusefp.o(.text)
    .text                                    0x08000444   Section        0  dmul.o(.text)
    .text                                    0x08000528   Section        0  ddiv.o(.text)
    .text                                    0x08000606   Section        0  dfixul.o(.text)
    .text                                    0x08000638   Section       48  cdrcmple.o(.text)
    .text                                    0x08000668   Section       36  init.o(.text)
    .text                                    0x0800068c   Section        0  llshl.o(.text)
    .text                                    0x080006aa   Section        0  llsshr.o(.text)
    .text                                    0x080006ce   Section        0  depilogue.o(.text)
    i.BusFault_Handler                       0x08000788   Section        0  stm32f1xx_it.o(i.BusFault_Handler)
    i.DebugMon_Handler                       0x0800078c   Section        0  stm32f1xx_it.o(i.DebugMon_Handler)
    i.Error_Handler                          0x0800078e   Section        0  main.o(i.Error_Handler)
    i.FSMC_NORSRAM_Extended_Timing_Init      0x08000794   Section        0  stm32f1xx_ll_fsmc.o(i.FSMC_NORSRAM_Extended_Timing_Init)
    i.FSMC_NORSRAM_Init                      0x080007d8   Section        0  stm32f1xx_ll_fsmc.o(i.FSMC_NORSRAM_Init)
    i.FSMC_NORSRAM_Timing_Init               0x08000850   Section        0  stm32f1xx_ll_fsmc.o(i.FSMC_NORSRAM_Timing_Init)
    i.HAL_Delay                              0x08000888   Section        0  stm32f1xx_hal.o(i.HAL_Delay)
    i.HAL_FSMC_MspInit                       0x080008b0   Section        0  fsmc.o(i.HAL_FSMC_MspInit)
    HAL_FSMC_MspInit                         0x080008b1   Thumb Code   126  fsmc.o(i.HAL_FSMC_MspInit)
    i.HAL_GPIO_Init                          0x08000944   Section        0  stm32f1xx_hal_gpio.o(i.HAL_GPIO_Init)
    i.HAL_GPIO_WritePin                      0x08000c84   Section        0  stm32f1xx_hal_gpio.o(i.HAL_GPIO_WritePin)
    i.HAL_GetTick                            0x08000c90   Section        0  stm32f1xx_hal.o(i.HAL_GetTick)
    i.HAL_IncTick                            0x08000c9c   Section        0  stm32f1xx_hal.o(i.HAL_IncTick)
    i.HAL_Init                               0x08000cb4   Section        0  stm32f1xx_hal.o(i.HAL_Init)
    i.HAL_InitTick                           0x08000cdc   Section        0  stm32f1xx_hal_timebase_tim.o(i.HAL_InitTick)
    i.HAL_MspInit                            0x08000d90   Section        0  stm32f1xx_hal_msp.o(i.HAL_MspInit)
    i.HAL_NVIC_EnableIRQ                     0x08000df0   Section        0  stm32f1xx_hal_cortex.o(i.HAL_NVIC_EnableIRQ)
    i.HAL_NVIC_SetPriority                   0x08000e10   Section        0  stm32f1xx_hal_cortex.o(i.HAL_NVIC_SetPriority)
    i.HAL_NVIC_SetPriorityGrouping           0x08000e8c   Section        0  stm32f1xx_hal_cortex.o(i.HAL_NVIC_SetPriorityGrouping)
    i.HAL_RCC_ClockConfig                    0x08000eb4   Section        0  stm32f1xx_hal_rcc.o(i.HAL_RCC_ClockConfig)
    i.HAL_RCC_GetClockConfig                 0x08001040   Section        0  stm32f1xx_hal_rcc.o(i.HAL_RCC_GetClockConfig)
    i.HAL_RCC_GetHCLKFreq                    0x08001084   Section        0  stm32f1xx_hal_rcc.o(i.HAL_RCC_GetHCLKFreq)
    i.HAL_RCC_GetPCLK1Freq                   0x08001090   Section        0  stm32f1xx_hal_rcc.o(i.HAL_RCC_GetPCLK1Freq)
    i.HAL_RCC_GetSysClockFreq                0x080010b0   Section        0  stm32f1xx_hal_rcc.o(i.HAL_RCC_GetSysClockFreq)
    i.HAL_RCC_OscConfig                      0x08001120   Section        0  stm32f1xx_hal_rcc.o(i.HAL_RCC_OscConfig)
    i.HAL_SPI_Init                           0x08001584   Section        0  stm32f1xx_hal_spi.o(i.HAL_SPI_Init)
    i.HAL_SPI_MspInit                        0x08001644   Section        0  spi.o(i.HAL_SPI_MspInit)
    i.HAL_SRAM_Init                          0x080016c8   Section        0  stm32f1xx_hal_sram.o(i.HAL_SRAM_Init)
    i.HAL_SRAM_MspInit                       0x0800172e   Section        0  fsmc.o(i.HAL_SRAM_MspInit)
    i.HAL_TIMEx_BreakCallback                0x08001738   Section        0  stm32f1xx_hal_tim_ex.o(i.HAL_TIMEx_BreakCallback)
    i.HAL_TIMEx_CommutCallback               0x0800173a   Section        0  stm32f1xx_hal_tim_ex.o(i.HAL_TIMEx_CommutCallback)
    i.HAL_TIM_Base_Init                      0x0800173c   Section        0  stm32f1xx_hal_tim.o(i.HAL_TIM_Base_Init)
    i.HAL_TIM_Base_MspInit                   0x080017a2   Section        0  stm32f1xx_hal_tim.o(i.HAL_TIM_Base_MspInit)
    i.HAL_TIM_Base_Start_IT                  0x080017a4   Section        0  stm32f1xx_hal_tim.o(i.HAL_TIM_Base_Start_IT)
    i.HAL_TIM_IC_CaptureCallback             0x08001834   Section        0  stm32f1xx_hal_tim.o(i.HAL_TIM_IC_CaptureCallback)
    i.HAL_TIM_IRQHandler                     0x08001836   Section        0  stm32f1xx_hal_tim.o(i.HAL_TIM_IRQHandler)
    i.HAL_TIM_OC_DelayElapsedCallback        0x080019a2   Section        0  stm32f1xx_hal_tim.o(i.HAL_TIM_OC_DelayElapsedCallback)
    i.HAL_TIM_PWM_PulseFinishedCallback      0x080019a4   Section        0  stm32f1xx_hal_tim.o(i.HAL_TIM_PWM_PulseFinishedCallback)
    i.HAL_TIM_PeriodElapsedCallback          0x080019a8   Section        0  main.o(i.HAL_TIM_PeriodElapsedCallback)
    i.HAL_TIM_TriggerCallback                0x080019c0   Section        0  stm32f1xx_hal_tim.o(i.HAL_TIM_TriggerCallback)
    i.HardFault_Handler                      0x080019c2   Section        0  stm32f1xx_it.o(i.HardFault_Handler)
    i.ILI9341_BackLed_Control                0x080019c8   Section        0  lcd_bsp.o(i.ILI9341_BackLed_Control)
    i.ILI9341_Clear                          0x080019ec   Section        0  lcd_bsp.o(i.ILI9341_Clear)
    i.ILI9341_Delay                          0x08001a18   Section        0  lcd_bsp.o(i.ILI9341_Delay)
    ILI9341_Delay                            0x08001a19   Thumb Code    18  lcd_bsp.o(i.ILI9341_Delay)
    i.ILI9341_DispChar_EN                    0x08001a2c   Section        0  lcd_bsp.o(i.ILI9341_DispChar_EN)
    i.ILI9341_DispStringLine_EN              0x08001ac4   Section        0  lcd_bsp.o(i.ILI9341_DispStringLine_EN)
    i.ILI9341_FillColor                      0x08001b2c   Section        0  lcd_bsp.o(i.ILI9341_FillColor)
    ILI9341_FillColor                        0x08001b2d   Thumb Code    32  lcd_bsp.o(i.ILI9341_FillColor)
    i.ILI9341_GramScan                       0x08001b4c   Section        0  lcd_bsp.o(i.ILI9341_GramScan)
    i.ILI9341_Init                           0x08001c2c   Section        0  lcd_bsp.o(i.ILI9341_Init)
    i.ILI9341_OpenWindow                     0x08001c4c   Section        0  lcd_bsp.o(i.ILI9341_OpenWindow)
    i.ILI9341_REG_Config                     0x08001cac   Section        0  lcd_bsp.o(i.ILI9341_REG_Config)
    ILI9341_REG_Config                       0x08001cad   Thumb Code  1098  lcd_bsp.o(i.ILI9341_REG_Config)
    i.ILI9341_ReadID                         0x080020fc   Section        0  lcd_bsp.o(i.ILI9341_ReadID)
    i.ILI9341_Read_Data                      0x0800216c   Section        0  lcd_bsp.o(i.ILI9341_Read_Data)
    i.ILI9341_Rst                            0x08002178   Section        0  lcd_bsp.o(i.ILI9341_Rst)
    i.ILI9341_Write_Cmd                      0x080021a4   Section        0  lcd_bsp.o(i.ILI9341_Write_Cmd)
    i.ILI9341_Write_Data                     0x080021ac   Section        0  lcd_bsp.o(i.ILI9341_Write_Data)
    i.LCD_ClearLine                          0x080021b8   Section        0  lcd_bsp.o(i.LCD_ClearLine)
    i.LCD_GetFont                            0x080021d8   Section        0  lcd_bsp.o(i.LCD_GetFont)
    i.LCD_SetColors                          0x080021e4   Section        0  lcd_bsp.o(i.LCD_SetColors)
    i.LCD_print                              0x080021f8   Section        0  lcd_bsp.o(i.LCD_print)
    i.LED_Control                            0x0800222c   Section        0  led_bsp.o(i.LED_Control)
    i.MX_FREERTOS_Init                       0x08002244   Section        0  freertos.o(i.MX_FREERTOS_Init)
    i.MX_FSMC_Init                           0x08002288   Section        0  fsmc.o(i.MX_FSMC_Init)
    i.MX_GPIO_Init                           0x08002304   Section        0  gpio.o(i.MX_GPIO_Init)
    i.MX_SPI1_Init                           0x08002420   Section        0  spi.o(i.MX_SPI1_Init)
    i.MemManage_Handler                      0x08002464   Section        0  stm32f1xx_it.o(i.MemManage_Handler)
    i.NMI_Handler                            0x08002468   Section        0  stm32f1xx_it.o(i.NMI_Handler)
    i.RCC_Delay                              0x0800246c   Section        0  stm32f1xx_hal_rcc.o(i.RCC_Delay)
    RCC_Delay                                0x0800246d   Thumb Code    36  stm32f1xx_hal_rcc.o(i.RCC_Delay)
    i.StartDefaultTask                       0x08002494   Section        0  freertos.o(i.StartDefaultTask)
    i.SysTick_Handler                        0x08002554   Section        0  cmsis_os2.o(i.SysTick_Handler)
    i.SystemClock_Config                     0x0800256a   Section        0  main.o(i.SystemClock_Config)
    i.SystemInit                             0x080025d0   Section        0  system_stm32f1xx.o(i.SystemInit)
    i.TIM6_IRQHandler                        0x080025d4   Section        0  stm32f1xx_it.o(i.TIM6_IRQHandler)
    i.TIM_Base_SetConfig                     0x080025e4   Section        0  stm32f1xx_hal_tim.o(i.TIM_Base_SetConfig)
    i.UsageFault_Handler                     0x08002690   Section        0  stm32f1xx_it.o(i.UsageFault_Handler)
    i.__0vsprintf                            0x08002694   Section        0  printfa.o(i.__0vsprintf)
    i.__NVIC_GetPriorityGrouping             0x080026b8   Section        0  stm32f1xx_hal_cortex.o(i.__NVIC_GetPriorityGrouping)
    __NVIC_GetPriorityGrouping               0x080026b9   Thumb Code    10  stm32f1xx_hal_cortex.o(i.__NVIC_GetPriorityGrouping)
    i.__NVIC_SetPriority                     0x080026c8   Section        0  stm32f1xx_hal_cortex.o(i.__NVIC_SetPriority)
    __NVIC_SetPriority                       0x080026c9   Thumb Code    32  stm32f1xx_hal_cortex.o(i.__NVIC_SetPriority)
    i.__get_IPSR                             0x080026f0   Section        0  cmsis_os2.o(i.__get_IPSR)
    __get_IPSR                               0x080026f1   Thumb Code     6  cmsis_os2.o(i.__get_IPSR)
    i.__scatterload_copy                     0x080026f6   Section       14  handlers.o(i.__scatterload_copy)
    i.__scatterload_null                     0x08002704   Section        2  handlers.o(i.__scatterload_null)
    i.__scatterload_zeroinit                 0x08002706   Section       14  handlers.o(i.__scatterload_zeroinit)
    i._fp_digits                             0x08002714   Section        0  printfa.o(i._fp_digits)
    _fp_digits                               0x08002715   Thumb Code   366  printfa.o(i._fp_digits)
    i._printf_core                           0x08002898   Section        0  printfa.o(i._printf_core)
    _printf_core                             0x08002899   Thumb Code  1744  printfa.o(i._printf_core)
    i._printf_post_padding                   0x08002f74   Section        0  printfa.o(i._printf_post_padding)
    _printf_post_padding                     0x08002f75   Thumb Code    36  printfa.o(i._printf_post_padding)
    i._printf_pre_padding                    0x08002f98   Section        0  printfa.o(i._printf_pre_padding)
    _printf_pre_padding                      0x08002f99   Thumb Code    46  printfa.o(i._printf_pre_padding)
    i._sputc                                 0x08002fc6   Section        0  printfa.o(i._sputc)
    _sputc                                   0x08002fc7   Thumb Code    10  printfa.o(i._sputc)
    i.main                                   0x08002fd0   Section        0  main.o(i.main)
    i.osDelay                                0x0800301c   Section        0  cmsis_os2.o(i.osDelay)
    i.osKernelInitialize                     0x0800303c   Section        0  cmsis_os2.o(i.osKernelInitialize)
    i.osKernelStart                          0x08003068   Section        0  cmsis_os2.o(i.osKernelStart)
    i.osThreadNew                            0x080030c8   Section        0  cmsis_os2.o(i.osThreadNew)
    i.prvAddCurrentTaskToDelayedList         0x08003180   Section        0  tasks.o(i.prvAddCurrentTaskToDelayedList)
    prvAddCurrentTaskToDelayedList           0x08003181   Thumb Code   100  tasks.o(i.prvAddCurrentTaskToDelayedList)
    i.prvAddNewTaskToReadyList               0x080031fc   Section        0  tasks.o(i.prvAddNewTaskToReadyList)
    prvAddNewTaskToReadyList                 0x080031fd   Thumb Code   154  tasks.o(i.prvAddNewTaskToReadyList)
    i.prvCheckForValidListAndQueue           0x080032b4   Section        0  timers.o(i.prvCheckForValidListAndQueue)
    prvCheckForValidListAndQueue             0x080032b5   Thumb Code    78  timers.o(i.prvCheckForValidListAndQueue)
    i.prvCheckTasksWaitingTermination        0x08003328   Section        0  tasks.o(i.prvCheckTasksWaitingTermination)
    prvCheckTasksWaitingTermination          0x08003329   Thumb Code    60  tasks.o(i.prvCheckTasksWaitingTermination)
    i.prvCopyDataFromQueue                   0x08003370   Section        0  queue.o(i.prvCopyDataFromQueue)
    prvCopyDataFromQueue                     0x08003371   Thumb Code    42  queue.o(i.prvCopyDataFromQueue)
    i.prvCopyDataToQueue                     0x0800339a   Section        0  queue.o(i.prvCopyDataToQueue)
    prvCopyDataToQueue                       0x0800339b   Thumb Code   126  queue.o(i.prvCopyDataToQueue)
    i.prvDeleteTCB                           0x08003418   Section        0  tasks.o(i.prvDeleteTCB)
    prvDeleteTCB                             0x08003419   Thumb Code    80  tasks.o(i.prvDeleteTCB)
    i.prvGetNextExpireTime                   0x08003468   Section        0  timers.o(i.prvGetNextExpireTime)
    prvGetNextExpireTime                     0x08003469   Thumb Code    36  timers.o(i.prvGetNextExpireTime)
    i.prvHeapInit                            0x08003490   Section        0  heap_4.o(i.prvHeapInit)
    prvHeapInit                              0x08003491   Thumb Code    98  heap_4.o(i.prvHeapInit)
    i.prvIdleTask                            0x0800350c   Section        0  tasks.o(i.prvIdleTask)
    prvIdleTask                              0x0800350d   Thumb Code    32  tasks.o(i.prvIdleTask)
    i.prvInitialiseNewQueue                  0x08003534   Section        0  queue.o(i.prvInitialiseNewQueue)
    prvInitialiseNewQueue                    0x08003535   Thumb Code    42  queue.o(i.prvInitialiseNewQueue)
    i.prvInitialiseNewTask                   0x0800355e   Section        0  tasks.o(i.prvInitialiseNewTask)
    prvInitialiseNewTask                     0x0800355f   Thumb Code   190  tasks.o(i.prvInitialiseNewTask)
    i.prvInitialiseTaskLists                 0x0800361c   Section        0  tasks.o(i.prvInitialiseTaskLists)
    prvInitialiseTaskLists                   0x0800361d   Thumb Code    70  tasks.o(i.prvInitialiseTaskLists)
    i.prvInsertBlockIntoFreeList             0x08003684   Section        0  heap_4.o(i.prvInsertBlockIntoFreeList)
    prvInsertBlockIntoFreeList               0x08003685   Thumb Code    96  heap_4.o(i.prvInsertBlockIntoFreeList)
    i.prvInsertTimerInActiveList             0x080036ec   Section        0  timers.o(i.prvInsertTimerInActiveList)
    prvInsertTimerInActiveList               0x080036ed   Thumb Code    80  timers.o(i.prvInsertTimerInActiveList)
    i.prvIsQueueEmpty                        0x08003744   Section        0  queue.o(i.prvIsQueueEmpty)
    prvIsQueueEmpty                          0x08003745   Thumb Code    26  queue.o(i.prvIsQueueEmpty)
    i.prvIsQueueFull                         0x0800375e   Section        0  queue.o(i.prvIsQueueFull)
    prvIsQueueFull                           0x0800375f   Thumb Code    30  queue.o(i.prvIsQueueFull)
    i.prvProcessExpiredTimer                 0x0800377c   Section        0  timers.o(i.prvProcessExpiredTimer)
    prvProcessExpiredTimer                   0x0800377d   Thumb Code   110  timers.o(i.prvProcessExpiredTimer)
    i.prvProcessReceivedCommands             0x080037f0   Section        0  timers.o(i.prvProcessReceivedCommands)
    prvProcessReceivedCommands               0x080037f1   Thumb Code   350  timers.o(i.prvProcessReceivedCommands)
    i.prvProcessTimerOrBlockTask             0x08003954   Section        0  timers.o(i.prvProcessTimerOrBlockTask)
    prvProcessTimerOrBlockTask               0x08003955   Thumb Code   102  timers.o(i.prvProcessTimerOrBlockTask)
    i.prvResetNextTaskUnblockTime            0x080039c8   Section        0  tasks.o(i.prvResetNextTaskUnblockTime)
    prvResetNextTaskUnblockTime              0x080039c9   Thumb Code    42  tasks.o(i.prvResetNextTaskUnblockTime)
    i.prvSampleTimeNow                       0x080039fc   Section        0  timers.o(i.prvSampleTimeNow)
    prvSampleTimeNow                         0x080039fd   Thumb Code    40  timers.o(i.prvSampleTimeNow)
    i.prvSwitchTimerLists                    0x08003a28   Section        0  timers.o(i.prvSwitchTimerLists)
    prvSwitchTimerLists                      0x08003a29   Thumb Code   154  timers.o(i.prvSwitchTimerLists)
    i.prvTaskExitError                       0x08003acc   Section        0  port.o(i.prvTaskExitError)
    prvTaskExitError                         0x08003acd   Thumb Code    60  port.o(i.prvTaskExitError)
    i.prvTimerTask                           0x08003b0c   Section        0  timers.o(i.prvTimerTask)
    prvTimerTask                             0x08003b0d   Thumb Code    26  timers.o(i.prvTimerTask)
    i.prvUnlockQueue                         0x08003b26   Section        0  queue.o(i.prvUnlockQueue)
    prvUnlockQueue                           0x08003b27   Thumb Code   126  queue.o(i.prvUnlockQueue)
    i.pvPortMalloc                           0x08003ba4   Section        0  heap_4.o(i.pvPortMalloc)
    i.pxPortInitialiseStack                  0x08003cf0   Section        0  port.o(i.pxPortInitialiseStack)
    i.task_led                               0x08003d14   Section        0  freertos.o(i.task_led)
    i.uxListRemove                           0x08003d84   Section        0  list.o(i.uxListRemove)
    i.vApplicationGetIdleTaskMemory          0x08003dac   Section        0  cmsis_os2.o(i.vApplicationGetIdleTaskMemory)
    i.vApplicationGetTimerTaskMemory         0x08003dc4   Section        0  cmsis_os2.o(i.vApplicationGetTimerTaskMemory)
    i.vListInitialise                        0x08003ddc   Section        0  list.o(i.vListInitialise)
    i.vListInitialiseItem                    0x08003df6   Section        0  list.o(i.vListInitialiseItem)
    i.vListInsert                            0x08003dfc   Section        0  list.o(i.vListInsert)
    i.vListInsertEnd                         0x08003e30   Section        0  list.o(i.vListInsertEnd)
    i.vPortEnterCritical                     0x08003e48   Section        0  port.o(i.vPortEnterCritical)
    i.vPortExitCritical                      0x08003e9c   Section        0  port.o(i.vPortExitCritical)
    i.vPortFree                              0x08003ed8   Section        0  heap_4.o(i.vPortFree)
    i.vPortSetupTimerInterrupt               0x08003f7c   Section        0  port.o(i.vPortSetupTimerInterrupt)
    i.vPortValidateInterruptPriority         0x08003fa4   Section        0  port.o(i.vPortValidateInterruptPriority)
    i.vQueueAddToRegistry                    0x0800401c   Section        0  queue.o(i.vQueueAddToRegistry)
    i.vQueueWaitForMessageRestricted         0x08004048   Section        0  queue.o(i.vQueueWaitForMessageRestricted)
    i.vTaskDelay                             0x08004094   Section        0  tasks.o(i.vTaskDelay)
    i.vTaskInternalSetTimeOutState           0x080040f0   Section        0  tasks.o(i.vTaskInternalSetTimeOutState)
    i.vTaskMissedYield                       0x08004108   Section        0  tasks.o(i.vTaskMissedYield)
    i.vTaskPlaceOnEventList                  0x08004114   Section        0  tasks.o(i.vTaskPlaceOnEventList)
    i.vTaskPlaceOnEventListRestricted        0x0800414c   Section        0  tasks.o(i.vTaskPlaceOnEventListRestricted)
    i.vTaskStartScheduler                    0x0800418c   Section        0  tasks.o(i.vTaskStartScheduler)
    i.vTaskSuspendAll                        0x08004244   Section        0  tasks.o(i.vTaskSuspendAll)
    i.vTaskSwitchContext                     0x08004254   Section        0  tasks.o(i.vTaskSwitchContext)
    i.xPortStartScheduler                    0x080042e4   Section        0  port.o(i.xPortStartScheduler)
    i.xPortSysTickHandler                    0x080043dc   Section        0  port.o(i.xPortSysTickHandler)
    i.xQueueGenericCreateStatic              0x08004410   Section        0  queue.o(i.xQueueGenericCreateStatic)
    i.xQueueGenericReset                     0x080044f0   Section        0  queue.o(i.xQueueGenericReset)
    i.xQueueGenericSend                      0x08004588   Section        0  queue.o(i.xQueueGenericSend)
    i.xQueueGenericSendFromISR               0x08004730   Section        0  queue.o(i.xQueueGenericSendFromISR)
    i.xQueueReceive                          0x0800482c   Section        0  queue.o(i.xQueueReceive)
    i.xTaskCheckForTimeOut                   0x08004994   Section        0  tasks.o(i.xTaskCheckForTimeOut)
    i.xTaskCreate                            0x08004a20   Section        0  tasks.o(i.xTaskCreate)
    i.xTaskCreateStatic                      0x08004a84   Section        0  tasks.o(i.xTaskCreateStatic)
    i.xTaskGetSchedulerState                 0x08004b40   Section        0  tasks.o(i.xTaskGetSchedulerState)
    i.xTaskGetTickCount                      0x08004b60   Section        0  tasks.o(i.xTaskGetTickCount)
    i.xTaskIncrementTick                     0x08004b6c   Section        0  tasks.o(i.xTaskIncrementTick)
    i.xTaskPriorityDisinherit                0x08004cb0   Section        0  tasks.o(i.xTaskPriorityDisinherit)
    i.xTaskRemoveFromEventList               0x08004d54   Section        0  tasks.o(i.xTaskRemoveFromEventList)
    i.xTaskResumeAll                         0x08004dec   Section        0  tasks.o(i.xTaskResumeAll)
    i.xTimerCreateTimerTask                  0x08004ef0   Section        0  timers.o(i.xTimerCreateTimerTask)
    i.xTimerGenericCommand                   0x08004f68   Section        0  timers.o(i.xTimerGenericCommand)
    .constdata                               0x08004fec   Section       36  freertos.o(.constdata)
    .constdata                               0x08005010   Section       18  stm32f1xx_hal_rcc.o(.constdata)
    aPLLMULFactorTable                       0x08005010   Data          16  stm32f1xx_hal_rcc.o(.constdata)
    aPredivFactorTable                       0x08005020   Data           2  stm32f1xx_hal_rcc.o(.constdata)
    .constdata                               0x08005022   Section       24  system_stm32f1xx.o(.constdata)
    .constdata                               0x0800503a   Section    15200  fonts.o(.constdata)
    .conststring                             0x08008b9c   Section       10  freertos.o(.conststring)
    .data                                    0x20000000   Section       16  freertos.o(.data)
    line_cnt                                 0x2000000c   Data           2  freertos.o(.data)
    color                                    0x2000000e   Data           2  freertos.o(.data)
    .data                                    0x20000010   Section        8  fsmc.o(.data)
    FSMC_Initialized                         0x20000010   Data           4  fsmc.o(.data)
    FSMC_DeInitialized                       0x20000014   Data           4  fsmc.o(.data)
    .data                                    0x20000018   Section        9  stm32f1xx_hal.o(.data)
    .data                                    0x20000024   Section        4  system_stm32f1xx.o(.data)
    .data                                    0x20000028   Section       60  tasks.o(.data)
    pxDelayedTaskList                        0x2000002c   Data           4  tasks.o(.data)
    pxOverflowDelayedTaskList                0x20000030   Data           4  tasks.o(.data)
    uxDeletedTasksWaitingCleanUp             0x20000034   Data           4  tasks.o(.data)
    uxCurrentNumberOfTasks                   0x20000038   Data           4  tasks.o(.data)
    xTickCount                               0x2000003c   Data           4  tasks.o(.data)
    uxTopReadyPriority                       0x20000040   Data           4  tasks.o(.data)
    xSchedulerRunning                        0x20000044   Data           4  tasks.o(.data)
    xPendedTicks                             0x20000048   Data           4  tasks.o(.data)
    xYieldPending                            0x2000004c   Data           4  tasks.o(.data)
    xNumOfOverflows                          0x20000050   Data           4  tasks.o(.data)
    uxTaskNumber                             0x20000054   Data           4  tasks.o(.data)
    xNextTaskUnblockTime                     0x20000058   Data           4  tasks.o(.data)
    xIdleTaskHandle                          0x2000005c   Data           4  tasks.o(.data)
    uxSchedulerSuspended                     0x20000060   Data           4  tasks.o(.data)
    .data                                    0x20000064   Section       20  timers.o(.data)
    pxCurrentTimerList                       0x20000064   Data           4  timers.o(.data)
    pxOverflowTimerList                      0x20000068   Data           4  timers.o(.data)
    xTimerQueue                              0x2000006c   Data           4  timers.o(.data)
    xTimerTaskHandle                         0x20000070   Data           4  timers.o(.data)
    xLastTime                                0x20000074   Data           4  timers.o(.data)
    .data                                    0x20000078   Section        4  cmsis_os2.o(.data)
    KernelState                              0x20000078   Data           4  cmsis_os2.o(.data)
    .data                                    0x2000007c   Section       32  heap_4.o(.data)
    xStart                                   0x2000007c   Data           8  heap_4.o(.data)
    pxEnd                                    0x20000084   Data           4  heap_4.o(.data)
    xFreeBytesRemaining                      0x20000088   Data           4  heap_4.o(.data)
    xMinimumEverFreeBytesRemaining           0x2000008c   Data           4  heap_4.o(.data)
    xNumberOfSuccessfulAllocations           0x20000090   Data           4  heap_4.o(.data)
    xNumberOfSuccessfulFrees                 0x20000094   Data           4  heap_4.o(.data)
    xBlockAllocatedBit                       0x20000098   Data           4  heap_4.o(.data)
    .data                                    0x2000009c   Section       12  port.o(.data)
    uxCriticalNesting                        0x2000009c   Data           4  port.o(.data)
    ucMaxSysCallPriority                     0x200000a0   Data           1  port.o(.data)
    ulMaxPRIGROUPValue                       0x200000a4   Data           4  port.o(.data)
    .data                                    0x200000a8   Section       17  lcd_bsp.o(.data)
    LCD_Currentfonts                         0x200000b0   Data           4  lcd_bsp.o(.data)
    CurrentTextColor                         0x200000b4   Data           2  lcd_bsp.o(.data)
    CurrentBackColor                         0x200000b6   Data           2  lcd_bsp.o(.data)
    testCNT                                  0x200000b8   Data           1  lcd_bsp.o(.data)
    .data                                    0x200000bc   Section       24  fonts.o(.data)
    .bss                                     0x200000d4   Section       72  fsmc.o(.bss)
    .bss                                     0x2000011c   Section       88  spi.o(.bss)
    .bss                                     0x20000174   Section       72  stm32f1xx_hal_timebase_tim.o(.bss)
    .bss                                     0x200001bc   Section       64  queue.o(.bss)
    .bss                                     0x200001fc   Section     1220  tasks.o(.bss)
    pxReadyTasksLists                        0x200001fc   Data        1120  tasks.o(.bss)
    xDelayedTaskList1                        0x2000065c   Data          20  tasks.o(.bss)
    xDelayedTaskList2                        0x20000670   Data          20  tasks.o(.bss)
    xPendingReadyList                        0x20000684   Data          20  tasks.o(.bss)
    xTasksWaitingTermination                 0x20000698   Data          20  tasks.o(.bss)
    xSuspendedTaskList                       0x200006ac   Data          20  tasks.o(.bss)
    .bss                                     0x200006c0   Section      280  timers.o(.bss)
    xActiveTimerList1                        0x200006c0   Data          20  timers.o(.bss)
    xActiveTimerList2                        0x200006d4   Data          20  timers.o(.bss)
    xStaticTimerQueue                        0x200006e8   Data          80  timers.o(.bss)
    ucStaticTimerQueueStorage                0x20000738   Data         160  timers.o(.bss)
    .bss                                     0x200007d8   Section     1720  cmsis_os2.o(.bss)
    Idle_TCB                                 0x200007d8   Data          92  cmsis_os2.o(.bss)
    Idle_Stack                               0x20000834   Data         512  cmsis_os2.o(.bss)
    Timer_TCB                                0x20000a34   Data          92  cmsis_os2.o(.bss)
    Timer_Stack                              0x20000a90   Data        1024  cmsis_os2.o(.bss)
    .bss                                     0x20000e90   Section     3072  heap_4.o(.bss)
    ucHeap                                   0x20000e90   Data        3072  heap_4.o(.bss)
    STACK                                    0x20001a90   Section     1024  startup_stm32f103xe.o(STACK)

    Global Symbols

    Symbol Name                              Value     Ov Type        Size  Object(Section)

    BuildAttributes$$THM_ISAv4$P$D$K$B$S$PE$A:L22UL41UL21$X:L11$S22US41US21$IEEE1$IW$USESV6$~STKCKD$USESV7$~SHL$OSPACE$ROPI$EBA8$MICROLIB$REQ8$PRES8$EABIv2 0x00000000   Number         0  anon$$obj.o ABSOLUTE
    __ARM_use_no_argv                        0x00000000   Number         0  main.o ABSOLUTE
    _printf_a                                0x00000000   Number         0  stubs.o ABSOLUTE
    _printf_c                                0x00000000   Number         0  stubs.o ABSOLUTE
    _printf_charcount                        0x00000000   Number         0  stubs.o ABSOLUTE
    _printf_d                                0x00000000   Number         0  stubs.o ABSOLUTE
    _printf_e                                0x00000000   Number         0  stubs.o ABSOLUTE
    _printf_f                                0x00000000   Number         0  stubs.o ABSOLUTE
    _printf_flags                            0x00000000   Number         0  stubs.o ABSOLUTE
    _printf_fp_dec                           0x00000000   Number         0  stubs.o ABSOLUTE
    _printf_fp_hex                           0x00000000   Number         0  stubs.o ABSOLUTE
    _printf_g                                0x00000000   Number         0  stubs.o ABSOLUTE
    _printf_i                                0x00000000   Number         0  stubs.o ABSOLUTE
    _printf_int_dec                          0x00000000   Number         0  stubs.o ABSOLUTE
    _printf_l                                0x00000000   Number         0  stubs.o ABSOLUTE
    _printf_lc                               0x00000000   Number         0  stubs.o ABSOLUTE
    _printf_ll                               0x00000000   Number         0  stubs.o ABSOLUTE
    _printf_lld                              0x00000000   Number         0  stubs.o ABSOLUTE
    _printf_lli                              0x00000000   Number         0  stubs.o ABSOLUTE
    _printf_llo                              0x00000000   Number         0  stubs.o ABSOLUTE
    _printf_llu                              0x00000000   Number         0  stubs.o ABSOLUTE
    _printf_llx                              0x00000000   Number         0  stubs.o ABSOLUTE
    _printf_longlong_dec                     0x00000000   Number         0  stubs.o ABSOLUTE
    _printf_longlong_hex                     0x00000000   Number         0  stubs.o ABSOLUTE
    _printf_longlong_oct                     0x00000000   Number         0  stubs.o ABSOLUTE
    _printf_ls                               0x00000000   Number         0  stubs.o ABSOLUTE
    _printf_mbtowc                           0x00000000   Number         0  stubs.o ABSOLUTE
    _printf_n                                0x00000000   Number         0  stubs.o ABSOLUTE
    _printf_o                                0x00000000   Number         0  stubs.o ABSOLUTE
    _printf_p                                0x00000000   Number         0  stubs.o ABSOLUTE
    _printf_percent                          0x00000000   Number         0  stubs.o ABSOLUTE
    _printf_pre_padding                      0x00000000   Number         0  stubs.o ABSOLUTE
    _printf_return_value                     0x00000000   Number         0  stubs.o ABSOLUTE
    _printf_s                                0x00000000   Number         0  stubs.o ABSOLUTE
    _printf_sizespec                         0x00000000   Number         0  stubs.o ABSOLUTE
    _printf_str                              0x00000000   Number         0  stubs.o ABSOLUTE
    _printf_truncate_signed                  0x00000000   Number         0  stubs.o ABSOLUTE
    _printf_truncate_unsigned                0x00000000   Number         0  stubs.o ABSOLUTE
    _printf_u                                0x00000000   Number         0  stubs.o ABSOLUTE
    _printf_wc                               0x00000000   Number         0  stubs.o ABSOLUTE
    _printf_wctomb                           0x00000000   Number         0  stubs.o ABSOLUTE
    _printf_widthprec                        0x00000000   Number         0  stubs.o ABSOLUTE
    _printf_x                                0x00000000   Number         0  stubs.o ABSOLUTE
    __cpp_initialize__aeabi_                  - Undefined Weak Reference
    __cxa_finalize                            - Undefined Weak Reference
    __decompress                              - Undefined Weak Reference
    _clock_init                               - Undefined Weak Reference
    _microlib_exit                            - Undefined Weak Reference
    __Vectors_Size                           0x00000130   Number         0  startup_stm32f103xe.o ABSOLUTE
    __Vectors                                0x08000000   Data           4  startup_stm32f103xe.o(RESET)
    __Vectors_End                            0x08000130   Data           0  startup_stm32f103xe.o(RESET)
    __main                                   0x08000131   Thumb Code     0  entry.o(.ARM.Collect$$$$00000000)
    _main_stk                                0x08000131   Thumb Code     0  entry2.o(.ARM.Collect$$$$00000001)
    _main_scatterload                        0x08000135   Thumb Code     0  entry5.o(.ARM.Collect$$$$00000004)
    __main_after_scatterload                 0x08000139   Thumb Code     0  entry5.o(.ARM.Collect$$$$00000004)
    _main_clock                              0x08000139   Thumb Code     0  entry7b.o(.ARM.Collect$$$$00000008)
    _main_cpp_init                           0x08000139   Thumb Code     0  entry8b.o(.ARM.Collect$$$$0000000A)
    _main_init                               0x08000139   Thumb Code     0  entry9a.o(.ARM.Collect$$$$0000000B)
    __rt_final_cpp                           0x08000141   Thumb Code     0  entry10a.o(.ARM.Collect$$$$0000000D)
    __rt_final_exit                          0x08000141   Thumb Code     0  entry11a.o(.ARM.Collect$$$$0000000F)
    SVC_Handler                              0x08000145   Thumb Code    32  port.o(.emb_text)
    __asm___6_port_c_39a90d8d__prvStartFirstTask 0x08000169   Thumb Code    28  port.o(.emb_text)
    PendSV_Handler                           0x08000189   Thumb Code    72  port.o(.emb_text)
    vPortGetIPSR                             0x080001d5   Thumb Code     6  port.o(.emb_text)
    Reset_Handler                            0x080001dd   Thumb Code     8  startup_stm32f103xe.o(.text)
    ADC1_2_IRQHandler                        0x080001f7   Thumb Code     0  startup_stm32f103xe.o(.text)
    ADC3_IRQHandler                          0x080001f7   Thumb Code     0  startup_stm32f103xe.o(.text)
    CAN1_RX1_IRQHandler                      0x080001f7   Thumb Code     0  startup_stm32f103xe.o(.text)
    CAN1_SCE_IRQHandler                      0x080001f7   Thumb Code     0  startup_stm32f103xe.o(.text)
    DMA1_Channel1_IRQHandler                 0x080001f7   Thumb Code     0  startup_stm32f103xe.o(.text)
    DMA1_Channel2_IRQHandler                 0x080001f7   Thumb Code     0  startup_stm32f103xe.o(.text)
    DMA1_Channel3_IRQHandler                 0x080001f7   Thumb Code     0  startup_stm32f103xe.o(.text)
    DMA1_Channel4_IRQHandler                 0x080001f7   Thumb Code     0  startup_stm32f103xe.o(.text)
    DMA1_Channel5_IRQHandler                 0x080001f7   Thumb Code     0  startup_stm32f103xe.o(.text)
    DMA1_Channel6_IRQHandler                 0x080001f7   Thumb Code     0  startup_stm32f103xe.o(.text)
    DMA1_Channel7_IRQHandler                 0x080001f7   Thumb Code     0  startup_stm32f103xe.o(.text)
    DMA2_Channel1_IRQHandler                 0x080001f7   Thumb Code     0  startup_stm32f103xe.o(.text)
    DMA2_Channel2_IRQHandler                 0x080001f7   Thumb Code     0  startup_stm32f103xe.o(.text)
    DMA2_Channel3_IRQHandler                 0x080001f7   Thumb Code     0  startup_stm32f103xe.o(.text)
    DMA2_Channel4_5_IRQHandler               0x080001f7   Thumb Code     0  startup_stm32f103xe.o(.text)
    EXTI0_IRQHandler                         0x080001f7   Thumb Code     0  startup_stm32f103xe.o(.text)
    EXTI15_10_IRQHandler                     0x080001f7   Thumb Code     0  startup_stm32f103xe.o(.text)
    EXTI1_IRQHandler                         0x080001f7   Thumb Code     0  startup_stm32f103xe.o(.text)
    EXTI2_IRQHandler                         0x080001f7   Thumb Code     0  startup_stm32f103xe.o(.text)
    EXTI3_IRQHandler                         0x080001f7   Thumb Code     0  startup_stm32f103xe.o(.text)
    EXTI4_IRQHandler                         0x080001f7   Thumb Code     0  startup_stm32f103xe.o(.text)
    EXTI9_5_IRQHandler                       0x080001f7   Thumb Code     0  startup_stm32f103xe.o(.text)
    FLASH_IRQHandler                         0x080001f7   Thumb Code     0  startup_stm32f103xe.o(.text)
    FSMC_IRQHandler                          0x080001f7   Thumb Code     0  startup_stm32f103xe.o(.text)
    I2C1_ER_IRQHandler                       0x080001f7   Thumb Code     0  startup_stm32f103xe.o(.text)
    I2C1_EV_IRQHandler                       0x080001f7   Thumb Code     0  startup_stm32f103xe.o(.text)
    I2C2_ER_IRQHandler                       0x080001f7   Thumb Code     0  startup_stm32f103xe.o(.text)
    I2C2_EV_IRQHandler                       0x080001f7   Thumb Code     0  startup_stm32f103xe.o(.text)
    PVD_IRQHandler                           0x080001f7   Thumb Code     0  startup_stm32f103xe.o(.text)
    RCC_IRQHandler                           0x080001f7   Thumb Code     0  startup_stm32f103xe.o(.text)
    RTC_Alarm_IRQHandler                     0x080001f7   Thumb Code     0  startup_stm32f103xe.o(.text)
    RTC_IRQHandler                           0x080001f7   Thumb Code     0  startup_stm32f103xe.o(.text)
    SDIO_IRQHandler                          0x080001f7   Thumb Code     0  startup_stm32f103xe.o(.text)
    SPI1_IRQHandler                          0x080001f7   Thumb Code     0  startup_stm32f103xe.o(.text)
    SPI2_IRQHandler                          0x080001f7   Thumb Code     0  startup_stm32f103xe.o(.text)
    SPI3_IRQHandler                          0x080001f7   Thumb Code     0  startup_stm32f103xe.o(.text)
    TAMPER_IRQHandler                        0x080001f7   Thumb Code     0  startup_stm32f103xe.o(.text)
    TIM1_BRK_IRQHandler                      0x080001f7   Thumb Code     0  startup_stm32f103xe.o(.text)
    TIM1_CC_IRQHandler                       0x080001f7   Thumb Code     0  startup_stm32f103xe.o(.text)
    TIM1_TRG_COM_IRQHandler                  0x080001f7   Thumb Code     0  startup_stm32f103xe.o(.text)
    TIM1_UP_IRQHandler                       0x080001f7   Thumb Code     0  startup_stm32f103xe.o(.text)
    TIM2_IRQHandler                          0x080001f7   Thumb Code     0  startup_stm32f103xe.o(.text)
    TIM3_IRQHandler                          0x080001f7   Thumb Code     0  startup_stm32f103xe.o(.text)
    TIM4_IRQHandler                          0x080001f7   Thumb Code     0  startup_stm32f103xe.o(.text)
    TIM5_IRQHandler                          0x080001f7   Thumb Code     0  startup_stm32f103xe.o(.text)
    TIM7_IRQHandler                          0x080001f7   Thumb Code     0  startup_stm32f103xe.o(.text)
    TIM8_BRK_IRQHandler                      0x080001f7   Thumb Code     0  startup_stm32f103xe.o(.text)
    TIM8_CC_IRQHandler                       0x080001f7   Thumb Code     0  startup_stm32f103xe.o(.text)
    TIM8_TRG_COM_IRQHandler                  0x080001f7   Thumb Code     0  startup_stm32f103xe.o(.text)
    TIM8_UP_IRQHandler                       0x080001f7   Thumb Code     0  startup_stm32f103xe.o(.text)
    UART4_IRQHandler                         0x080001f7   Thumb Code     0  startup_stm32f103xe.o(.text)
    UART5_IRQHandler                         0x080001f7   Thumb Code     0  startup_stm32f103xe.o(.text)
    USART1_IRQHandler                        0x080001f7   Thumb Code     0  startup_stm32f103xe.o(.text)
    USART2_IRQHandler                        0x080001f7   Thumb Code     0  startup_stm32f103xe.o(.text)
    USART3_IRQHandler                        0x080001f7   Thumb Code     0  startup_stm32f103xe.o(.text)
    USBWakeUp_IRQHandler                     0x080001f7   Thumb Code     0  startup_stm32f103xe.o(.text)
    USB_HP_CAN1_TX_IRQHandler                0x080001f7   Thumb Code     0  startup_stm32f103xe.o(.text)
    USB_LP_CAN1_RX0_IRQHandler               0x080001f7   Thumb Code     0  startup_stm32f103xe.o(.text)
    WWDG_IRQHandler                          0x080001f7   Thumb Code     0  startup_stm32f103xe.o(.text)
    __aeabi_llsr                             0x08000201   Thumb Code    32  llushr.o(.text)
    _ll_ushift_r                             0x08000201   Thumb Code     0  llushr.o(.text)
    __aeabi_memcpy                           0x08000221   Thumb Code    36  memcpya.o(.text)
    __aeabi_memcpy4                          0x08000221   Thumb Code     0  memcpya.o(.text)
    __aeabi_memcpy8                          0x08000221   Thumb Code     0  memcpya.o(.text)
    __aeabi_memset                           0x08000245   Thumb Code    14  memseta.o(.text)
    __aeabi_memset4                          0x08000245   Thumb Code     0  memseta.o(.text)
    __aeabi_memset8                          0x08000245   Thumb Code     0  memseta.o(.text)
    __aeabi_memclr                           0x08000253   Thumb Code     4  memseta.o(.text)
    __aeabi_memclr4                          0x08000253   Thumb Code     0  memseta.o(.text)
    __aeabi_memclr8                          0x08000253   Thumb Code     0  memseta.o(.text)
    memset                                   0x08000257   Thumb Code    18  memseta.o(.text)
    __aeabi_uidiv                            0x08000269   Thumb Code     0  uidiv.o(.text)
    __aeabi_uidivmod                         0x08000269   Thumb Code    44  uidiv.o(.text)
    __aeabi_uldivmod                         0x08000295   Thumb Code    98  uldiv.o(.text)
    __I$use$fp                               0x080002f7   Thumb Code     0  iusefp.o(.text)
    __aeabi_dadd                             0x080002f7   Thumb Code   322  dadd.o(.text)
    __aeabi_dsub                             0x08000439   Thumb Code     6  dadd.o(.text)
    __aeabi_drsub                            0x0800043f   Thumb Code     6  dadd.o(.text)
    __aeabi_dmul                             0x08000445   Thumb Code   228  dmul.o(.text)
    __aeabi_ddiv                             0x08000529   Thumb Code   222  ddiv.o(.text)
    __aeabi_d2ulz                            0x08000607   Thumb Code    48  dfixul.o(.text)
    __aeabi_cdrcmple                         0x08000639   Thumb Code    48  cdrcmple.o(.text)
    __scatterload                            0x08000669   Thumb Code    28  init.o(.text)
    __scatterload_rt2                        0x08000669   Thumb Code     0  init.o(.text)
    __aeabi_llsl                             0x0800068d   Thumb Code    30  llshl.o(.text)
    _ll_shift_l                              0x0800068d   Thumb Code     0  llshl.o(.text)
    __aeabi_lasr                             0x080006ab   Thumb Code    36  llsshr.o(.text)
    _ll_sshift_r                             0x080006ab   Thumb Code     0  llsshr.o(.text)
    _double_round                            0x080006cf   Thumb Code    30  depilogue.o(.text)
    _double_epilogue                         0x080006ed   Thumb Code   156  depilogue.o(.text)
    BusFault_Handler                         0x08000789   Thumb Code     4  stm32f1xx_it.o(i.BusFault_Handler)
    DebugMon_Handler                         0x0800078d   Thumb Code     2  stm32f1xx_it.o(i.DebugMon_Handler)
    Error_Handler                            0x0800078f   Thumb Code     6  main.o(i.Error_Handler)
    FSMC_NORSRAM_Extended_Timing_Init        0x08000795   Thumb Code    62  stm32f1xx_ll_fsmc.o(i.FSMC_NORSRAM_Extended_Timing_Init)
    FSMC_NORSRAM_Init                        0x080007d9   Thumb Code   116  stm32f1xx_ll_fsmc.o(i.FSMC_NORSRAM_Init)
    FSMC_NORSRAM_Timing_Init                 0x08000851   Thumb Code    54  stm32f1xx_ll_fsmc.o(i.FSMC_NORSRAM_Timing_Init)
    HAL_Delay                                0x08000889   Thumb Code    36  stm32f1xx_hal.o(i.HAL_Delay)
    HAL_GPIO_Init                            0x08000945   Thumb Code   792  stm32f1xx_hal_gpio.o(i.HAL_GPIO_Init)
    HAL_GPIO_WritePin                        0x08000c85   Thumb Code    12  stm32f1xx_hal_gpio.o(i.HAL_GPIO_WritePin)
    HAL_GetTick                              0x08000c91   Thumb Code     6  stm32f1xx_hal.o(i.HAL_GetTick)
    HAL_IncTick                              0x08000c9d   Thumb Code    16  stm32f1xx_hal.o(i.HAL_IncTick)
    HAL_Init                                 0x08000cb5   Thumb Code    34  stm32f1xx_hal.o(i.HAL_Init)
    HAL_InitTick                             0x08000cdd   Thumb Code   158  stm32f1xx_hal_timebase_tim.o(i.HAL_InitTick)
    HAL_MspInit                              0x08000d91   Thumb Code    86  stm32f1xx_hal_msp.o(i.HAL_MspInit)
    HAL_NVIC_EnableIRQ                       0x08000df1   Thumb Code    32  stm32f1xx_hal_cortex.o(i.HAL_NVIC_EnableIRQ)
    HAL_NVIC_SetPriority                     0x08000e11   Thumb Code   124  stm32f1xx_hal_cortex.o(i.HAL_NVIC_SetPriority)
    HAL_NVIC_SetPriorityGrouping             0x08000e8d   Thumb Code    32  stm32f1xx_hal_cortex.o(i.HAL_NVIC_SetPriorityGrouping)
    HAL_RCC_ClockConfig                      0x08000eb5   Thumb Code   376  stm32f1xx_hal_rcc.o(i.HAL_RCC_ClockConfig)
    HAL_RCC_GetClockConfig                   0x08001041   Thumb Code    58  stm32f1xx_hal_rcc.o(i.HAL_RCC_GetClockConfig)
    HAL_RCC_GetHCLKFreq                      0x08001085   Thumb Code     6  stm32f1xx_hal_rcc.o(i.HAL_RCC_GetHCLKFreq)
    HAL_RCC_GetPCLK1Freq                     0x08001091   Thumb Code    22  stm32f1xx_hal_rcc.o(i.HAL_RCC_GetPCLK1Freq)
    HAL_RCC_GetSysClockFreq                  0x080010b1   Thumb Code    92  stm32f1xx_hal_rcc.o(i.HAL_RCC_GetSysClockFreq)
    HAL_RCC_OscConfig                        0x08001121   Thumb Code  1114  stm32f1xx_hal_rcc.o(i.HAL_RCC_OscConfig)
    HAL_SPI_Init                             0x08001585   Thumb Code   190  stm32f1xx_hal_spi.o(i.HAL_SPI_Init)
    HAL_SPI_MspInit                          0x08001645   Thumb Code   120  spi.o(i.HAL_SPI_MspInit)
    HAL_SRAM_Init                            0x080016c9   Thumb Code   102  stm32f1xx_hal_sram.o(i.HAL_SRAM_Init)
    HAL_SRAM_MspInit                         0x0800172f   Thumb Code    10  fsmc.o(i.HAL_SRAM_MspInit)
    HAL_TIMEx_BreakCallback                  0x08001739   Thumb Code     2  stm32f1xx_hal_tim_ex.o(i.HAL_TIMEx_BreakCallback)
    HAL_TIMEx_CommutCallback                 0x0800173b   Thumb Code     2  stm32f1xx_hal_tim_ex.o(i.HAL_TIMEx_CommutCallback)
    HAL_TIM_Base_Init                        0x0800173d   Thumb Code   102  stm32f1xx_hal_tim.o(i.HAL_TIM_Base_Init)
    HAL_TIM_Base_MspInit                     0x080017a3   Thumb Code     2  stm32f1xx_hal_tim.o(i.HAL_TIM_Base_MspInit)
    HAL_TIM_Base_Start_IT                    0x080017a5   Thumb Code   122  stm32f1xx_hal_tim.o(i.HAL_TIM_Base_Start_IT)
    HAL_TIM_IC_CaptureCallback               0x08001835   Thumb Code     2  stm32f1xx_hal_tim.o(i.HAL_TIM_IC_CaptureCallback)
    HAL_TIM_IRQHandler                       0x08001837   Thumb Code   364  stm32f1xx_hal_tim.o(i.HAL_TIM_IRQHandler)
    HAL_TIM_OC_DelayElapsedCallback          0x080019a3   Thumb Code     2  stm32f1xx_hal_tim.o(i.HAL_TIM_OC_DelayElapsedCallback)
    HAL_TIM_PWM_PulseFinishedCallback        0x080019a5   Thumb Code     2  stm32f1xx_hal_tim.o(i.HAL_TIM_PWM_PulseFinishedCallback)
    HAL_TIM_PeriodElapsedCallback            0x080019a9   Thumb Code    18  main.o(i.HAL_TIM_PeriodElapsedCallback)
    HAL_TIM_TriggerCallback                  0x080019c1   Thumb Code     2  stm32f1xx_hal_tim.o(i.HAL_TIM_TriggerCallback)
    HardFault_Handler                        0x080019c3   Thumb Code     4  stm32f1xx_it.o(i.HardFault_Handler)
    ILI9341_BackLed_Control                  0x080019c9   Thumb Code    32  lcd_bsp.o(i.ILI9341_BackLed_Control)
    ILI9341_Clear                            0x080019ed   Thumb Code    40  lcd_bsp.o(i.ILI9341_Clear)
    ILI9341_DispChar_EN                      0x08001a2d   Thumb Code   138  lcd_bsp.o(i.ILI9341_DispChar_EN)
    ILI9341_DispStringLine_EN                0x08001ac5   Thumb Code    92  lcd_bsp.o(i.ILI9341_DispStringLine_EN)
    ILI9341_GramScan                         0x08001b4d   Thumb Code   208  lcd_bsp.o(i.ILI9341_GramScan)
    ILI9341_Init                             0x08001c2d   Thumb Code    26  lcd_bsp.o(i.ILI9341_Init)
    ILI9341_OpenWindow                       0x08001c4d   Thumb Code    96  lcd_bsp.o(i.ILI9341_OpenWindow)
    ILI9341_ReadID                           0x080020fd   Thumb Code   108  lcd_bsp.o(i.ILI9341_ReadID)
    ILI9341_Read_Data                        0x0800216d   Thumb Code     6  lcd_bsp.o(i.ILI9341_Read_Data)
    ILI9341_Rst                              0x08002179   Thumb Code    40  lcd_bsp.o(i.ILI9341_Rst)
    ILI9341_Write_Cmd                        0x080021a5   Thumb Code     8  lcd_bsp.o(i.ILI9341_Write_Cmd)
    ILI9341_Write_Data                       0x080021ad   Thumb Code     6  lcd_bsp.o(i.ILI9341_Write_Data)
    LCD_ClearLine                            0x080021b9   Thumb Code    26  lcd_bsp.o(i.LCD_ClearLine)
    LCD_GetFont                              0x080021d9   Thumb Code     6  lcd_bsp.o(i.LCD_GetFont)
    LCD_SetColors                            0x080021e5   Thumb Code    10  lcd_bsp.o(i.LCD_SetColors)
    LCD_print                                0x080021f9   Thumb Code    52  lcd_bsp.o(i.LCD_print)
    LED_Control                              0x0800222d   Thumb Code    18  led_bsp.o(i.LED_Control)
    MX_FREERTOS_Init                         0x08002245   Thumb Code    40  freertos.o(i.MX_FREERTOS_Init)
    MX_FSMC_Init                             0x08002289   Thumb Code   114  fsmc.o(i.MX_FSMC_Init)
    MX_GPIO_Init                             0x08002305   Thumb Code   262  gpio.o(i.MX_GPIO_Init)
    MX_SPI1_Init                             0x08002421   Thumb Code    60  spi.o(i.MX_SPI1_Init)
    MemManage_Handler                        0x08002465   Thumb Code     4  stm32f1xx_it.o(i.MemManage_Handler)
    NMI_Handler                              0x08002469   Thumb Code     4  stm32f1xx_it.o(i.NMI_Handler)
    StartDefaultTask                         0x08002495   Thumb Code   164  freertos.o(i.StartDefaultTask)
    SysTick_Handler                          0x08002555   Thumb Code    22  cmsis_os2.o(i.SysTick_Handler)
    SystemClock_Config                       0x0800256b   Thumb Code   102  main.o(i.SystemClock_Config)
    SystemInit                               0x080025d1   Thumb Code     2  system_stm32f1xx.o(i.SystemInit)
    TIM6_IRQHandler                          0x080025d5   Thumb Code    10  stm32f1xx_it.o(i.TIM6_IRQHandler)
    TIM_Base_SetConfig                       0x080025e5   Thumb Code   150  stm32f1xx_hal_tim.o(i.TIM_Base_SetConfig)
    UsageFault_Handler                       0x08002691   Thumb Code     4  stm32f1xx_it.o(i.UsageFault_Handler)
    __0vsprintf                              0x08002695   Thumb Code    30  printfa.o(i.__0vsprintf)
    __1vsprintf                              0x08002695   Thumb Code     0  printfa.o(i.__0vsprintf)
    __2vsprintf                              0x08002695   Thumb Code     0  printfa.o(i.__0vsprintf)
    __c89vsprintf                            0x08002695   Thumb Code     0  printfa.o(i.__0vsprintf)
    vsprintf                                 0x08002695   Thumb Code     0  printfa.o(i.__0vsprintf)
    __scatterload_copy                       0x080026f7   Thumb Code    14  handlers.o(i.__scatterload_copy)
    __scatterload_null                       0x08002705   Thumb Code     2  handlers.o(i.__scatterload_null)
    __scatterload_zeroinit                   0x08002707   Thumb Code    14  handlers.o(i.__scatterload_zeroinit)
    main                                     0x08002fd1   Thumb Code    68  main.o(i.main)
    osDelay                                  0x0800301d   Thumb Code    30  cmsis_os2.o(i.osDelay)
    osKernelInitialize                       0x0800303d   Thumb Code    38  cmsis_os2.o(i.osKernelInitialize)
    osKernelStart                            0x08003069   Thumb Code    82  cmsis_os2.o(i.osKernelStart)
    osThreadNew                              0x080030c9   Thumb Code   184  cmsis_os2.o(i.osThreadNew)
    pvPortMalloc                             0x08003ba5   Thumb Code   306  heap_4.o(i.pvPortMalloc)
    pxPortInitialiseStack                    0x08003cf1   Thumb Code    30  port.o(i.pxPortInitialiseStack)
    task_led                                 0x08003d15   Thumb Code   108  freertos.o(i.task_led)
    uxListRemove                             0x08003d85   Thumb Code    40  list.o(i.uxListRemove)
    vApplicationGetIdleTaskMemory            0x08003dad   Thumb Code    14  cmsis_os2.o(i.vApplicationGetIdleTaskMemory)
    vApplicationGetTimerTaskMemory           0x08003dc5   Thumb Code    16  cmsis_os2.o(i.vApplicationGetTimerTaskMemory)
    vListInitialise                          0x08003ddd   Thumb Code    26  list.o(i.vListInitialise)
    vListInitialiseItem                      0x08003df7   Thumb Code     6  list.o(i.vListInitialiseItem)
    vListInsert                              0x08003dfd   Thumb Code    52  list.o(i.vListInsert)
    vListInsertEnd                           0x08003e31   Thumb Code    24  list.o(i.vListInsertEnd)
    vPortEnterCritical                       0x08003e49   Thumb Code    76  port.o(i.vPortEnterCritical)
    vPortExitCritical                        0x08003e9d   Thumb Code    56  port.o(i.vPortExitCritical)
    vPortFree                                0x08003ed9   Thumb Code   150  heap_4.o(i.vPortFree)
    vPortSetupTimerInterrupt                 0x08003f7d   Thumb Code    36  port.o(i.vPortSetupTimerInterrupt)
    vPortValidateInterruptPriority           0x08003fa5   Thumb Code   106  port.o(i.vPortValidateInterruptPriority)
    vQueueAddToRegistry                      0x0800401d   Thumb Code    38  queue.o(i.vQueueAddToRegistry)
    vQueueWaitForMessageRestricted           0x08004049   Thumb Code    74  queue.o(i.vQueueWaitForMessageRestricted)
    vTaskDelay                               0x08004095   Thumb Code    82  tasks.o(i.vTaskDelay)
    vTaskInternalSetTimeOutState             0x080040f1   Thumb Code    14  tasks.o(i.vTaskInternalSetTimeOutState)
    vTaskMissedYield                         0x08004109   Thumb Code     8  tasks.o(i.vTaskMissedYield)
    vTaskPlaceOnEventList                    0x08004115   Thumb Code    52  tasks.o(i.vTaskPlaceOnEventList)
    vTaskPlaceOnEventListRestricted          0x0800414d   Thumb Code    60  tasks.o(i.vTaskPlaceOnEventListRestricted)
    vTaskStartScheduler                      0x0800418d   Thumb Code   156  tasks.o(i.vTaskStartScheduler)
    vTaskSuspendAll                          0x08004245   Thumb Code    12  tasks.o(i.vTaskSuspendAll)
    vTaskSwitchContext                       0x08004255   Thumb Code   122  tasks.o(i.vTaskSwitchContext)
    xPortStartScheduler                      0x080042e5   Thumb Code   228  port.o(i.xPortStartScheduler)
    xPortSysTickHandler                      0x080043dd   Thumb Code    46  port.o(i.xPortSysTickHandler)
    xQueueGenericCreateStatic                0x08004411   Thumb Code   224  queue.o(i.xQueueGenericCreateStatic)
    xQueueGenericReset                       0x080044f1   Thumb Code   146  queue.o(i.xQueueGenericReset)
    xQueueGenericSend                        0x08004589   Thumb Code   420  queue.o(i.xQueueGenericSend)
    xQueueGenericSendFromISR                 0x08004731   Thumb Code   252  queue.o(i.xQueueGenericSendFromISR)
    xQueueReceive                            0x0800482d   Thumb Code   356  queue.o(i.xQueueReceive)
    xTaskCheckForTimeOut                     0x08004995   Thumb Code   132  tasks.o(i.xTaskCheckForTimeOut)
    xTaskCreate                              0x08004a21   Thumb Code   100  tasks.o(i.xTaskCreate)
    xTaskCreateStatic                        0x08004a85   Thumb Code   186  tasks.o(i.xTaskCreateStatic)
    xTaskGetSchedulerState                   0x08004b41   Thumb Code    24  tasks.o(i.xTaskGetSchedulerState)
    xTaskGetTickCount                        0x08004b61   Thumb Code     6  tasks.o(i.xTaskGetTickCount)
    xTaskIncrementTick                       0x08004b6d   Thumb Code   280  tasks.o(i.xTaskIncrementTick)
    xTaskPriorityDisinherit                  0x08004cb1   Thumb Code   152  tasks.o(i.xTaskPriorityDisinherit)
    xTaskRemoveFromEventList                 0x08004d55   Thumb Code   126  tasks.o(i.xTaskRemoveFromEventList)
    xTaskResumeAll                           0x08004ded   Thumb Code   222  tasks.o(i.xTaskResumeAll)
    xTimerCreateTimerTask                    0x08004ef1   Thumb Code   100  timers.o(i.xTimerCreateTimerTask)
    xTimerGenericCommand                     0x08004f69   Thumb Code   128  timers.o(i.xTimerGenericCommand)
    LED_Blink_attributes                     0x08004fec   Data          36  freertos.o(.constdata)
    AHBPrescTable                            0x08005022   Data          16  system_stm32f1xx.o(.constdata)
    APBPrescTable                            0x08005032   Data           8  system_stm32f1xx.o(.constdata)
    ASCII8x16_Table                          0x0800503a   Data        1520  fonts.o(.constdata)
    ASCII16x24_Table                         0x0800562a   Data        4560  fonts.o(.constdata)
    ASCII24x32_Table                         0x080067fa   Data        9120  fonts.o(.constdata)
    Region$$Table$$Base                      0x08008ba8   Number         0  anon$$obj.o(Region$$Table)
    Region$$Table$$Limit                     0x08008bc8   Number         0  anon$$obj.o(Region$$Table)
    LCD_Handle                               0x20000000   Data           4  freertos.o(.data)
    LED_Handle                               0x20000004   Data           4  freertos.o(.data)
    LED_BlinkHandle                          0x20000008   Data           4  freertos.o(.data)
    uwTick                                   0x20000018   Data           4  stm32f1xx_hal.o(.data)
    uwTickPrio                               0x2000001c   Data           4  stm32f1xx_hal.o(.data)
    uwTickFreq                               0x20000020   Data           1  stm32f1xx_hal.o(.data)
    SystemCoreClock                          0x20000024   Data           4  system_stm32f1xx.o(.data)
    pxCurrentTCB                             0x20000028   Data           4  tasks.o(.data)
    LCD_X_LENGTH                             0x200000a8   Data           2  lcd_bsp.o(.data)
    LCD_Y_LENGTH                             0x200000aa   Data           2  lcd_bsp.o(.data)
    LCD_SCAN_MODE                            0x200000ac   Data           1  lcd_bsp.o(.data)
    lcdid                                    0x200000ae   Data           2  lcd_bsp.o(.data)
    Font8x16                                 0x200000bc   Data           8  fonts.o(.data)
    Font16x24                                0x200000c4   Data           8  fonts.o(.data)
    Font24x32                                0x200000cc   Data           8  fonts.o(.data)
    hsram1                                   0x200000d4   Data          72  fsmc.o(.bss)
    hspi1                                    0x2000011c   Data          88  spi.o(.bss)
    htim6                                    0x20000174   Data          72  stm32f1xx_hal_timebase_tim.o(.bss)
    xQueueRegistry                           0x200001bc   Data          64  queue.o(.bss)
    __initial_sp                             0x20001e90   Data           0  startup_stm32f103xe.o(STACK)



==============================================================================

Memory Map of the image

  Image Entry point : 0x08000131

  Load Region LR_IROM1 (Base: 0x08000000, Size: 0x00008c9c, Max: 0x00080000, ABSOLUTE)

    Execution Region ER_IROM1 (Exec base: 0x08000000, Load base: 0x08000000, Size: 0x00008bc8, Max: 0x00080000, ABSOLUTE)

    Exec Addr    Load Addr    Size         Type   Attr      Idx    E Section Name        Object

    0x08000000   0x08000000   0x00000130   Data   RO            3    RESET               startup_stm32f103xe.o
    0x08000130   0x08000130   0x00000000   Code   RO         5346  * .ARM.Collect$$$$00000000  mc_w.l(entry.o)
    0x08000130   0x08000130   0x00000004   Code   RO         5620    .ARM.Collect$$$$00000001  mc_w.l(entry2.o)
    0x08000134   0x08000134   0x00000004   Code   RO         5623    .ARM.Collect$$$$00000004  mc_w.l(entry5.o)
    0x08000138   0x08000138   0x00000000   Code   RO         5625    .ARM.Collect$$$$00000008  mc_w.l(entry7b.o)
    0x08000138   0x08000138   0x00000000   Code   RO         5627    .ARM.Collect$$$$0000000A  mc_w.l(entry8b.o)
    0x08000138   0x08000138   0x00000008   Code   RO         5628    .ARM.Collect$$$$0000000B  mc_w.l(entry9a.o)
    0x08000140   0x08000140   0x00000000   Code   RO         5630    .ARM.Collect$$$$0000000D  mc_w.l(entry10a.o)
    0x08000140   0x08000140   0x00000000   Code   RO         5632    .ARM.Collect$$$$0000000F  mc_w.l(entry11a.o)
    0x08000140   0x08000140   0x00000004   Code   RO         5621    .ARM.Collect$$$$00002712  mc_w.l(entry2.o)
    0x08000144   0x08000144   0x00000096   Code   RO         4936    .emb_text           port.o
    0x080001da   0x080001da   0x00000002   PAD
    0x080001dc   0x080001dc   0x00000024   Code   RO            4    .text               startup_stm32f103xe.o
    0x08000200   0x08000200   0x00000020   Code   RO         5349    .text               mc_w.l(llushr.o)
    0x08000220   0x08000220   0x00000024   Code   RO         5351    .text               mc_w.l(memcpya.o)
    0x08000244   0x08000244   0x00000024   Code   RO         5355    .text               mc_w.l(memseta.o)
    0x08000268   0x08000268   0x0000002c   Code   RO         5637    .text               mc_w.l(uidiv.o)
    0x08000294   0x08000294   0x00000062   Code   RO         5639    .text               mc_w.l(uldiv.o)
    0x080002f6   0x080002f6   0x00000000   Code   RO         5641    .text               mc_w.l(iusefp.o)
    0x080002f6   0x080002f6   0x0000014e   Code   RO         5642    .text               mf_w.l(dadd.o)
    0x08000444   0x08000444   0x000000e4   Code   RO         5644    .text               mf_w.l(dmul.o)
    0x08000528   0x08000528   0x000000de   Code   RO         5646    .text               mf_w.l(ddiv.o)
    0x08000606   0x08000606   0x00000030   Code   RO         5648    .text               mf_w.l(dfixul.o)
    0x08000636   0x08000636   0x00000002   PAD
    0x08000638   0x08000638   0x00000030   Code   RO         5650    .text               mf_w.l(cdrcmple.o)
    0x08000668   0x08000668   0x00000024   Code   RO         5652    .text               mc_w.l(init.o)
    0x0800068c   0x0800068c   0x0000001e   Code   RO         5655    .text               mc_w.l(llshl.o)
    0x080006aa   0x080006aa   0x00000024   Code   RO         5657    .text               mc_w.l(llsshr.o)
    0x080006ce   0x080006ce   0x000000ba   Code   RO         5660    .text               mf_w.l(depilogue.o)
    0x08000788   0x08000788   0x00000004   Code   RO          378    i.BusFault_Handler  stm32f1xx_it.o
    0x0800078c   0x0800078c   0x00000002   Code   RO          379    i.DebugMon_Handler  stm32f1xx_it.o
    0x0800078e   0x0800078e   0x00000006   Code   RO           13    i.Error_Handler     main.o
    0x08000794   0x08000794   0x00000044   Code   RO         2541    i.FSMC_NORSRAM_Extended_Timing_Init  stm32f1xx_ll_fsmc.o
    0x080007d8   0x080007d8   0x00000078   Code   RO         2542    i.FSMC_NORSRAM_Init  stm32f1xx_ll_fsmc.o
    0x08000850   0x08000850   0x00000036   Code   RO         2543    i.FSMC_NORSRAM_Timing_Init  stm32f1xx_ll_fsmc.o
    0x08000886   0x08000886   0x00000002   PAD
    0x08000888   0x08000888   0x00000028   Code   RO         1532    i.HAL_Delay         stm32f1xx_hal.o
    0x080008b0   0x080008b0   0x00000094   Code   RO          284    i.HAL_FSMC_MspInit  fsmc.o
    0x08000944   0x08000944   0x00000340   Code   RO         1847    i.HAL_GPIO_Init     stm32f1xx_hal_gpio.o
    0x08000c84   0x08000c84   0x0000000c   Code   RO         1851    i.HAL_GPIO_WritePin  stm32f1xx_hal_gpio.o
    0x08000c90   0x08000c90   0x0000000c   Code   RO         1536    i.HAL_GetTick       stm32f1xx_hal.o
    0x08000c9c   0x08000c9c   0x00000018   Code   RO         1542    i.HAL_IncTick       stm32f1xx_hal.o
    0x08000cb4   0x08000cb4   0x00000028   Code   RO         1543    i.HAL_Init          stm32f1xx_hal.o
    0x08000cdc   0x08000cdc   0x000000b4   Code   RO          466    i.HAL_InitTick      stm32f1xx_hal_timebase_tim.o
    0x08000d90   0x08000d90   0x00000060   Code   RO          442    i.HAL_MspInit       stm32f1xx_hal_msp.o
    0x08000df0   0x08000df0   0x00000020   Code   RO         2007    i.HAL_NVIC_EnableIRQ  stm32f1xx_hal_cortex.o
    0x08000e10   0x08000e10   0x0000007c   Code   RO         2013    i.HAL_NVIC_SetPriority  stm32f1xx_hal_cortex.o
    0x08000e8c   0x08000e8c   0x00000028   Code   RO         2014    i.HAL_NVIC_SetPriorityGrouping  stm32f1xx_hal_cortex.o
    0x08000eb4   0x08000eb4   0x0000018c   Code   RO         1700    i.HAL_RCC_ClockConfig  stm32f1xx_hal_rcc.o
    0x08001040   0x08001040   0x00000044   Code   RO         1704    i.HAL_RCC_GetClockConfig  stm32f1xx_hal_rcc.o
    0x08001084   0x08001084   0x0000000c   Code   RO         1705    i.HAL_RCC_GetHCLKFreq  stm32f1xx_hal_rcc.o
    0x08001090   0x08001090   0x00000020   Code   RO         1707    i.HAL_RCC_GetPCLK1Freq  stm32f1xx_hal_rcc.o
    0x080010b0   0x080010b0   0x00000070   Code   RO         1709    i.HAL_RCC_GetSysClockFreq  stm32f1xx_hal_rcc.o
    0x08001120   0x08001120   0x00000464   Code   RO         1712    i.HAL_RCC_OscConfig  stm32f1xx_hal_rcc.o
    0x08001584   0x08001584   0x000000be   Code   RO         2859    i.HAL_SPI_Init      stm32f1xx_hal_spi.o
    0x08001642   0x08001642   0x00000002   PAD
    0x08001644   0x08001644   0x00000084   Code   RO          337    i.HAL_SPI_MspInit   spi.o
    0x080016c8   0x080016c8   0x00000066   Code   RO         2681    i.HAL_SRAM_Init     stm32f1xx_hal_sram.o
    0x0800172e   0x0800172e   0x0000000a   Code   RO          286    i.HAL_SRAM_MspInit  fsmc.o
    0x08001738   0x08001738   0x00000002   Code   RO         1258    i.HAL_TIMEx_BreakCallback  stm32f1xx_hal_tim_ex.o
    0x0800173a   0x0800173a   0x00000002   Code   RO         1259    i.HAL_TIMEx_CommutCallback  stm32f1xx_hal_tim_ex.o
    0x0800173c   0x0800173c   0x00000066   Code   RO          543    i.HAL_TIM_Base_Init  stm32f1xx_hal_tim.o
    0x080017a2   0x080017a2   0x00000002   Code   RO          545    i.HAL_TIM_Base_MspInit  stm32f1xx_hal_tim.o
    0x080017a4   0x080017a4   0x00000090   Code   RO          548    i.HAL_TIM_Base_Start_IT  stm32f1xx_hal_tim.o
    0x08001834   0x08001834   0x00000002   Code   RO          577    i.HAL_TIM_IC_CaptureCallback  stm32f1xx_hal_tim.o
    0x08001836   0x08001836   0x0000016c   Code   RO          591    i.HAL_TIM_IRQHandler  stm32f1xx_hal_tim.o
    0x080019a2   0x080019a2   0x00000002   Code   RO          594    i.HAL_TIM_OC_DelayElapsedCallback  stm32f1xx_hal_tim.o
    0x080019a4   0x080019a4   0x00000002   Code   RO          621    i.HAL_TIM_PWM_PulseFinishedCallback  stm32f1xx_hal_tim.o
    0x080019a6   0x080019a6   0x00000002   PAD
    0x080019a8   0x080019a8   0x00000018   Code   RO           14    i.HAL_TIM_PeriodElapsedCallback  main.o
    0x080019c0   0x080019c0   0x00000002   Code   RO          634    i.HAL_TIM_TriggerCallback  stm32f1xx_hal_tim.o
    0x080019c2   0x080019c2   0x00000004   Code   RO          380    i.HardFault_Handler  stm32f1xx_it.o
    0x080019c6   0x080019c6   0x00000002   PAD
    0x080019c8   0x080019c8   0x00000024   Code   RO         5044    i.ILI9341_BackLed_Control  lcd_bsp.o
    0x080019ec   0x080019ec   0x0000002c   Code   RO         5045    i.ILI9341_Clear     lcd_bsp.o
    0x08001a18   0x08001a18   0x00000012   Code   RO         5046    i.ILI9341_Delay     lcd_bsp.o
    0x08001a2a   0x08001a2a   0x00000002   PAD
    0x08001a2c   0x08001a2c   0x00000098   Code   RO         5047    i.ILI9341_DispChar_EN  lcd_bsp.o
    0x08001ac4   0x08001ac4   0x00000068   Code   RO         5048    i.ILI9341_DispStringLine_EN  lcd_bsp.o
    0x08001b2c   0x08001b2c   0x00000020   Code   RO         5054    i.ILI9341_FillColor  lcd_bsp.o
    0x08001b4c   0x08001b4c   0x000000e0   Code   RO         5056    i.ILI9341_GramScan  lcd_bsp.o
    0x08001c2c   0x08001c2c   0x00000020   Code   RO         5057    i.ILI9341_Init      lcd_bsp.o
    0x08001c4c   0x08001c4c   0x00000060   Code   RO         5058    i.ILI9341_OpenWindow  lcd_bsp.o
    0x08001cac   0x08001cac   0x00000450   Code   RO         5059    i.ILI9341_REG_Config  lcd_bsp.o
    0x080020fc   0x080020fc   0x00000070   Code   RO         5060    i.ILI9341_ReadID    lcd_bsp.o
    0x0800216c   0x0800216c   0x0000000c   Code   RO         5248    i.ILI9341_Read_Data  lcd_bsp.o
    0x08002178   0x08002178   0x0000002c   Code   RO         5062    i.ILI9341_Rst       lcd_bsp.o
    0x080021a4   0x080021a4   0x00000008   Code   RO         5238    i.ILI9341_Write_Cmd  lcd_bsp.o
    0x080021ac   0x080021ac   0x0000000c   Code   RO         5243    i.ILI9341_Write_Data  lcd_bsp.o
    0x080021b8   0x080021b8   0x00000020   Code   RO         5065    i.LCD_ClearLine     lcd_bsp.o
    0x080021d8   0x080021d8   0x0000000c   Code   RO         5067    i.LCD_GetFont       lcd_bsp.o
    0x080021e4   0x080021e4   0x00000014   Code   RO         5069    i.LCD_SetColors     lcd_bsp.o
    0x080021f8   0x080021f8   0x00000034   Code   RO         5073    i.LCD_print         lcd_bsp.o
    0x0800222c   0x0800222c   0x00000018   Code   RO         5016    i.LED_Control       led_bsp.o
    0x08002244   0x08002244   0x00000044   Code   RO          234    i.MX_FREERTOS_Init  freertos.o
    0x08002288   0x08002288   0x0000007c   Code   RO          287    i.MX_FSMC_Init      fsmc.o
    0x08002304   0x08002304   0x0000011c   Code   RO          210    i.MX_GPIO_Init      gpio.o
    0x08002420   0x08002420   0x00000044   Code   RO          338    i.MX_SPI1_Init      spi.o
    0x08002464   0x08002464   0x00000004   Code   RO          381    i.MemManage_Handler  stm32f1xx_it.o
    0x08002468   0x08002468   0x00000004   Code   RO          382    i.NMI_Handler       stm32f1xx_it.o
    0x0800246c   0x0800246c   0x00000028   Code   RO         1713    i.RCC_Delay         stm32f1xx_hal_rcc.o
    0x08002494   0x08002494   0x000000c0   Code   RO          235    i.StartDefaultTask  freertos.o
    0x08002554   0x08002554   0x00000016   Code   RO         4351    i.SysTick_Handler   cmsis_os2.o
    0x0800256a   0x0800256a   0x00000066   Code   RO           15    i.SystemClock_Config  main.o
    0x080025d0   0x080025d0   0x00000002   Code   RO         3171    i.SystemInit        system_stm32f1xx.o
    0x080025d2   0x080025d2   0x00000002   PAD
    0x080025d4   0x080025d4   0x00000010   Code   RO          383    i.TIM6_IRQHandler   stm32f1xx_it.o
    0x080025e4   0x080025e4   0x000000ac   Code   RO          636    i.TIM_Base_SetConfig  stm32f1xx_hal_tim.o
    0x08002690   0x08002690   0x00000004   Code   RO          384    i.UsageFault_Handler  stm32f1xx_it.o
    0x08002694   0x08002694   0x00000024   Code   RO         5598    i.__0vsprintf       mc_w.l(printfa.o)
    0x080026b8   0x080026b8   0x00000010   Code   RO         2020    i.__NVIC_GetPriorityGrouping  stm32f1xx_hal_cortex.o
    0x080026c8   0x080026c8   0x00000028   Code   RO         2021    i.__NVIC_SetPriority  stm32f1xx_hal_cortex.o
    0x080026f0   0x080026f0   0x00000006   Code   RO         4353    i.__get_IPSR        cmsis_os2.o
    0x080026f6   0x080026f6   0x0000000e   Code   RO         5664    i.__scatterload_copy  mc_w.l(handlers.o)
    0x08002704   0x08002704   0x00000002   Code   RO         5665    i.__scatterload_null  mc_w.l(handlers.o)
    0x08002706   0x08002706   0x0000000e   Code   RO         5666    i.__scatterload_zeroinit  mc_w.l(handlers.o)
    0x08002714   0x08002714   0x00000184   Code   RO         5599    i._fp_digits        mc_w.l(printfa.o)
    0x08002898   0x08002898   0x000006dc   Code   RO         5600    i._printf_core      mc_w.l(printfa.o)
    0x08002f74   0x08002f74   0x00000024   Code   RO         5601    i._printf_post_padding  mc_w.l(printfa.o)
    0x08002f98   0x08002f98   0x0000002e   Code   RO         5602    i._printf_pre_padding  mc_w.l(printfa.o)
    0x08002fc6   0x08002fc6   0x0000000a   Code   RO         5604    i._sputc            mc_w.l(printfa.o)
    0x08002fd0   0x08002fd0   0x0000004c   Code   RO           16    i.main              main.o
    0x0800301c   0x0800301c   0x0000001e   Code   RO         4354    i.osDelay           cmsis_os2.o
    0x0800303a   0x0800303a   0x00000002   PAD
    0x0800303c   0x0800303c   0x0000002c   Code   RO         4368    i.osKernelInitialize  cmsis_os2.o
    0x08003068   0x08003068   0x00000060   Code   RO         4371    i.osKernelStart     cmsis_os2.o
    0x080030c8   0x080030c8   0x000000b8   Code   RO         4413    i.osThreadNew       cmsis_os2.o
    0x08003180   0x08003180   0x0000007c   Code   RO         3788    i.prvAddCurrentTaskToDelayedList  tasks.o
    0x080031fc   0x080031fc   0x000000b8   Code   RO         3789    i.prvAddNewTaskToReadyList  tasks.o
    0x080032b4   0x080032b4   0x00000074   Code   RO         4164    i.prvCheckForValidListAndQueue  timers.o
    0x08003328   0x08003328   0x00000048   Code   RO         3790    i.prvCheckTasksWaitingTermination  tasks.o
    0x08003370   0x08003370   0x0000002a   Code   RO         3375    i.prvCopyDataFromQueue  queue.o
    0x0800339a   0x0800339a   0x0000007e   Code   RO         3376    i.prvCopyDataToQueue  queue.o
    0x08003418   0x08003418   0x00000050   Code   RO         3791    i.prvDeleteTCB      tasks.o
    0x08003468   0x08003468   0x00000028   Code   RO         4165    i.prvGetNextExpireTime  timers.o
    0x08003490   0x08003490   0x0000007c   Code   RO         4881    i.prvHeapInit       heap_4.o
    0x0800350c   0x0800350c   0x00000028   Code   RO         3792    i.prvIdleTask       tasks.o
    0x08003534   0x08003534   0x0000002a   Code   RO         3379    i.prvInitialiseNewQueue  queue.o
    0x0800355e   0x0800355e   0x000000be   Code   RO         3793    i.prvInitialiseNewTask  tasks.o
    0x0800361c   0x0800361c   0x00000068   Code   RO         3794    i.prvInitialiseTaskLists  tasks.o
    0x08003684   0x08003684   0x00000068   Code   RO         4882    i.prvInsertBlockIntoFreeList  heap_4.o
    0x080036ec   0x080036ec   0x00000058   Code   RO         4167    i.prvInsertTimerInActiveList  timers.o
    0x08003744   0x08003744   0x0000001a   Code   RO         3380    i.prvIsQueueEmpty   queue.o
    0x0800375e   0x0800375e   0x0000001e   Code   RO         3381    i.prvIsQueueFull    queue.o
    0x0800377c   0x0800377c   0x00000074   Code   RO         4168    i.prvProcessExpiredTimer  timers.o
    0x080037f0   0x080037f0   0x00000164   Code   RO         4169    i.prvProcessReceivedCommands  timers.o
    0x08003954   0x08003954   0x00000074   Code   RO         4170    i.prvProcessTimerOrBlockTask  timers.o
    0x080039c8   0x080039c8   0x00000034   Code   RO         3796    i.prvResetNextTaskUnblockTime  tasks.o
    0x080039fc   0x080039fc   0x0000002c   Code   RO         4171    i.prvSampleTimeNow  timers.o
    0x08003a28   0x08003a28   0x000000a4   Code   RO         4172    i.prvSwitchTimerLists  timers.o
    0x08003acc   0x08003acc   0x00000040   Code   RO         4937    i.prvTaskExitError  port.o
    0x08003b0c   0x08003b0c   0x0000001a   Code   RO         4173    i.prvTimerTask      timers.o
    0x08003b26   0x08003b26   0x0000007e   Code   RO         3382    i.prvUnlockQueue    queue.o
    0x08003ba4   0x08003ba4   0x0000014c   Code   RO         4883    i.pvPortMalloc      heap_4.o
    0x08003cf0   0x08003cf0   0x00000024   Code   RO         4938    i.pxPortInitialiseStack  port.o
    0x08003d14   0x08003d14   0x00000070   Code   RO          236    i.task_led          freertos.o
    0x08003d84   0x08003d84   0x00000028   Code   RO         3335    i.uxListRemove      list.o
    0x08003dac   0x08003dac   0x00000018   Code   RO         4425    i.vApplicationGetIdleTaskMemory  cmsis_os2.o
    0x08003dc4   0x08003dc4   0x00000018   Code   RO         4426    i.vApplicationGetTimerTaskMemory  cmsis_os2.o
    0x08003ddc   0x08003ddc   0x0000001a   Code   RO         3336    i.vListInitialise   list.o
    0x08003df6   0x08003df6   0x00000006   Code   RO         3337    i.vListInitialiseItem  list.o
    0x08003dfc   0x08003dfc   0x00000034   Code   RO         3338    i.vListInsert       list.o
    0x08003e30   0x08003e30   0x00000018   Code   RO         3339    i.vListInsertEnd    list.o
    0x08003e48   0x08003e48   0x00000054   Code   RO         4940    i.vPortEnterCritical  port.o
    0x08003e9c   0x08003e9c   0x0000003c   Code   RO         4941    i.vPortExitCritical  port.o
    0x08003ed8   0x08003ed8   0x000000a4   Code   RO         4884    i.vPortFree         heap_4.o
    0x08003f7c   0x08003f7c   0x00000028   Code   RO         4942    i.vPortSetupTimerInterrupt  port.o
    0x08003fa4   0x08003fa4   0x00000078   Code   RO         4943    i.vPortValidateInterruptPriority  port.o
    0x0800401c   0x0800401c   0x0000002c   Code   RO         3388    i.vQueueAddToRegistry  queue.o
    0x08004048   0x08004048   0x0000004a   Code   RO         3392    i.vQueueWaitForMessageRestricted  queue.o
    0x08004092   0x08004092   0x00000002   PAD
    0x08004094   0x08004094   0x0000005c   Code   RO         3809    i.vTaskDelay        tasks.o
    0x080040f0   0x080040f0   0x00000018   Code   RO         3814    i.vTaskInternalSetTimeOutState  tasks.o
    0x08004108   0x08004108   0x0000000c   Code   RO         3815    i.vTaskMissedYield  tasks.o
    0x08004114   0x08004114   0x00000038   Code   RO         3817    i.vTaskPlaceOnEventList  tasks.o
    0x0800414c   0x0800414c   0x00000040   Code   RO         3818    i.vTaskPlaceOnEventListRestricted  tasks.o
    0x0800418c   0x0800418c   0x000000b8   Code   RO         3826    i.vTaskStartScheduler  tasks.o
    0x08004244   0x08004244   0x00000010   Code   RO         3828    i.vTaskSuspendAll   tasks.o
    0x08004254   0x08004254   0x00000090   Code   RO         3829    i.vTaskSwitchContext  tasks.o
    0x080042e4   0x080042e4   0x000000f8   Code   RO         4944    i.xPortStartScheduler  port.o
    0x080043dc   0x080043dc   0x00000034   Code   RO         4945    i.xPortSysTickHandler  port.o
    0x08004410   0x08004410   0x000000e0   Code   RO         3398    i.xQueueGenericCreateStatic  queue.o
    0x080044f0   0x080044f0   0x00000098   Code   RO         3399    i.xQueueGenericReset  queue.o
    0x08004588   0x08004588   0x000001a8   Code   RO         3400    i.xQueueGenericSend  queue.o
    0x08004730   0x08004730   0x000000fc   Code   RO         3401    i.xQueueGenericSendFromISR  queue.o
    0x0800482c   0x0800482c   0x00000168   Code   RO         3410    i.xQueueReceive     queue.o
    0x08004994   0x08004994   0x0000008c   Code   RO         3831    i.xTaskCheckForTimeOut  tasks.o
    0x08004a20   0x08004a20   0x00000064   Code   RO         3832    i.xTaskCreate       tasks.o
    0x08004a84   0x08004a84   0x000000ba   Code   RO         3833    i.xTaskCreateStatic  tasks.o
    0x08004b3e   0x08004b3e   0x00000002   PAD
    0x08004b40   0x08004b40   0x00000020   Code   RO         3837    i.xTaskGetSchedulerState  tasks.o
    0x08004b60   0x08004b60   0x0000000c   Code   RO         3838    i.xTaskGetTickCount  tasks.o
    0x08004b6c   0x08004b6c   0x00000144   Code   RO         3840    i.xTaskIncrementTick  tasks.o
    0x08004cb0   0x08004cb0   0x000000a4   Code   RO         3843    i.xTaskPriorityDisinherit  tasks.o
    0x08004d54   0x08004d54   0x00000098   Code   RO         3845    i.xTaskRemoveFromEventList  tasks.o
    0x08004dec   0x08004dec   0x00000104   Code   RO         3846    i.xTaskResumeAll    tasks.o
    0x08004ef0   0x08004ef0   0x00000078   Code   RO         4182    i.xTimerCreateTimerTask  timers.o
    0x08004f68   0x08004f68   0x00000084   Code   RO         4183    i.xTimerGenericCommand  timers.o
    0x08004fec   0x08004fec   0x00000024   Data   RO          237    .constdata          freertos.o
    0x08005010   0x08005010   0x00000012   Data   RO         1714    .constdata          stm32f1xx_hal_rcc.o
    0x08005022   0x08005022   0x00000018   Data   RO         3172    .constdata          system_stm32f1xx.o
    0x0800503a   0x0800503a   0x00003b60   Data   RO         5282    .constdata          fonts.o
    0x08008b9a   0x08008b9a   0x00000002   PAD
    0x08008b9c   0x08008b9c   0x0000000a   Data   RO          238    .conststring        freertos.o
    0x08008ba6   0x08008ba6   0x00000002   PAD
    0x08008ba8   0x08008ba8   0x00000020   Data   RO         5662    Region$$Table       anon$$obj.o


    Execution Region RW_IRAM1 (Exec base: 0x20000000, Load base: 0x08008bc8, Size: 0x00001e90, Max: 0x00010000, ABSOLUTE)

    Exec Addr    Load Addr    Size         Type   Attr      Idx    E Section Name        Object

    0x20000000   0x08008bc8   0x00000010   Data   RW          239    .data               freertos.o
    0x20000010   0x08008bd8   0x00000008   Data   RW          289    .data               fsmc.o
    0x20000018   0x08008be0   0x00000009   Data   RW         1550    .data               stm32f1xx_hal.o
    0x20000021   0x08008be9   0x00000003   PAD
    0x20000024   0x08008bec   0x00000004   Data   RW         3173    .data               system_stm32f1xx.o
    0x20000028   0x08008bf0   0x0000003c   Data   RW         3849    .data               tasks.o
    0x20000064   0x08008c2c   0x00000014   Data   RW         4191    .data               timers.o
    0x20000078   0x08008c40   0x00000004   Data   RW         4428    .data               cmsis_os2.o
    0x2000007c   0x08008c44   0x00000020   Data   RW         4890    .data               heap_4.o
    0x2000009c   0x08008c64   0x0000000c   Data   RW         4946    .data               port.o
    0x200000a8   0x08008c70   0x00000011   Data   RW         5074    .data               lcd_bsp.o
    0x200000b9   0x08008c81   0x00000003   PAD
    0x200000bc   0x08008c84   0x00000018   Data   RW         5283    .data               fonts.o
    0x200000d4        -       0x00000048   Zero   RW          288    .bss                fsmc.o
    0x2000011c        -       0x00000058   Zero   RW          339    .bss                spi.o
    0x20000174        -       0x00000048   Zero   RW          469    .bss                stm32f1xx_hal_timebase_tim.o
    0x200001bc        -       0x00000040   Zero   RW         3414    .bss                queue.o
    0x200001fc        -       0x000004c4   Zero   RW         3848    .bss                tasks.o
    0x200006c0        -       0x00000118   Zero   RW         4190    .bss                timers.o
    0x200007d8        -       0x000006b8   Zero   RW         4427    .bss                cmsis_os2.o
    0x20000e90        -       0x00000c00   Zero   RW         4889    .bss                heap_4.o
    0x20001a90        -       0x00000400   Zero   RW            1    STACK               startup_stm32f103xe.o


==============================================================================

Image component sizes


      Code (inc. data)   RO Data    RW Data    ZI Data      Debug   Object Name

       430         38          0          4       1720      58883   cmsis_os2.o
         0          0          0          0          0      19712   event_groups.o
         0          0      15200         24          0       1373   fonts.o
       372         60         46         16          0       2526   freertos.o
       282         32          0          8         72       2311   fsmc.o
       284         22          0          0          0       1051   gpio.o
       724         74          0         32       3072       4879   heap_4.o
      2146        114          0         17          0      15103   lcd_bsp.o
        24          6          0          0          0        554   led_bsp.o
       148          0          0          0          0       3534   list.o
       208         14          0          0          0     511872   main.o
       854         78          0         12          0      11157   port.o
      1922         20          0          0         64      17332   queue.o
       200         20          0          0         88       1717   spi.o
        36          8        304          0       1024        824   startup_stm32f103xe.o
       116         24          0          9          0       5998   stm32f1xx_hal.o
       252         22          0          0          0      28790   stm32f1xx_hal_cortex.o
       844         40          0          0          0       2752   stm32f1xx_hal_gpio.o
        96         10          0          0          0        938   stm32f1xx_hal_msp.o
      1784         98         18          0          0       6202   stm32f1xx_hal_rcc.o
       190          0          0          0          0       1187   stm32f1xx_hal_spi.o
       102          0          0          0          0       1248   stm32f1xx_hal_sram.o
       792         44          0          0          0       6510   stm32f1xx_hal_tim.o
         4          0          0          0          0       1609   stm32f1xx_hal_tim_ex.o
       180         22          0          0         72       1523   stm32f1xx_hal_timebase_tim.o
        38          6          0          0          0       3215   stm32f1xx_it.o
       242         10          0          0          0       3931   stm32f1xx_ll_fsmc.o
         0          0          0          0          0        384   stream_buffer.o
         2          0         24          4          0       1179   system_stm32f1xx.o
      2808        346          0         60       1220      27206   tasks.o
      1318        124          0         20        280      33079   timers.o

    ----------------------------------------------------------------------
     16418       1232      15628        212       7612     778579   Object Totals
         0          0         32          0          0          0   (incl. Generated)
        20          0          4          6          0          0   (incl. Padding)

    ----------------------------------------------------------------------

      Code (inc. data)   RO Data    RW Data    ZI Data      Debug   Library Member Name

         0          0          0          0          0          0   entry.o
         0          0          0          0          0          0   entry10a.o
         0          0          0          0          0          0   entry11a.o
         8          4          0          0          0          0   entry2.o
         4          0          0          0          0          0   entry5.o
         0          0          0          0          0          0   entry7b.o
         0          0          0          0          0          0   entry8b.o
         8          4          0          0          0          0   entry9a.o
        30          0          0          0          0          0   handlers.o
        36          8          0          0          0         68   init.o
         0          0          0          0          0          0   iusefp.o
        30          0          0          0          0         68   llshl.o
        36          0          0          0          0         68   llsshr.o
        32          0          0          0          0         68   llushr.o
        36          0          0          0          0         68   memcpya.o
        36          0          0          0          0        108   memseta.o
      2272         86          0          0          0        516   printfa.o
        44          0          0          0          0         80   uidiv.o
        98          0          0          0          0         92   uldiv.o
        48          0          0          0          0         68   cdrcmple.o
       334          0          0          0          0        148   dadd.o
       222          0          0          0          0        100   ddiv.o
       186          0          0          0          0        176   depilogue.o
        48          0          0          0          0         68   dfixul.o
       228          0          0          0          0         96   dmul.o

    ----------------------------------------------------------------------
      3738        102          0          0          0       1792   Library Totals
         2          0          0          0          0          0   (incl. Padding)

    ----------------------------------------------------------------------

      Code (inc. data)   RO Data    RW Data    ZI Data      Debug   Library Name

      2670        102          0          0          0       1136   mc_w.l
      1066          0          0          0          0        656   mf_w.l

    ----------------------------------------------------------------------
      3738        102          0          0          0       1792   Library Totals

    ----------------------------------------------------------------------

==============================================================================


      Code (inc. data)   RO Data    RW Data    ZI Data      Debug   

     20156       1334      15628        212       7612     771891   Grand Totals
     20156       1334      15628        212       7612     771891   ELF Image Totals
     20156       1334      15628        212          0          0   ROM Totals

==============================================================================

    Total RO  Size (Code + RO Data)                35784 (  34.95kB)
    Total RW  Size (RW Data + ZI Data)              7824 (   7.64kB)
    Total ROM Size (Code + RO Data + RW Data)      35996 (  35.15kB)

==============================================================================

